******************************************************************************
                  TI ARM Linker PC v18.12.1                    
******************************************************************************
>> Linked Thu Apr 18 17:18:41 2019

OUTPUT FILE NAME:   <rfPacketTx_CC1350_LAUNCHXL_TI.out>
ENTRY POINT SYMBOL: "ResetISR"  address: 00006501


MEMORY CONFIGURATION

         name            origin    length      used     unused   attr    fill
----------------------  --------  ---------  --------  --------  ----  --------
  FLASH                 00000000   00020000  00007cf3  0001830d  R  X
  SRAM                  20000000   00005000  00002116  00002eea  RW X


SEGMENT ALLOCATION MAP

run origin  load origin   length   init length attrs members
----------  ----------- ---------- ----------- ----- -------
00000000    00000000    00000d1b   00000d1b    r--
  00000000    00000000    0000003c   0000003c    r-- .resetVecs
  0000003c    0000003c    00000cdf   00000cdf    r-- .const
00001000    00001000    00006f90   00006f90    r-x
  00001000    00001000    0000003c   0000003c    r-- .const:ti_sysbios_knl_Task_Object__PARAMS__C
  0000103c    0000103c    00000034   00000034    r-- .const:ti_sysbios_knl_Mailbox_Object__PARAMS__C
  00001070    00001070    00000030   00000030    r-- .const:ti_sysbios_family_arm_m3_Hwi_Object__PARAMS__C
  000010a0    000010a0    0000002c   0000002c    r-- .const:ti_sysbios_hal_Hwi_Object__PARAMS__C
  000010cc    000010cc    00000028   00000028    r-- .const:ti_sysbios_heaps_HeapMem_Module__FXNS__C
  000010f4    000010f4    00000028   00000028    r-- .const:ti_sysbios_knl_Swi_Object__PARAMS__C
  0000111c    0000111c    00000024   00000024    r-- .const:ti_sysbios_gates_GateHwi_Module__FXNS__C
  00001140    00001140    00000024   00000024    r-- .const:ti_sysbios_gates_GateMutex_Module__FXNS__C
  00001164    00001164    00000024   00000024    r-- .const:ti_sysbios_heaps_HeapMem_Object__PARAMS__C
  00001188    00001188    00000024   00000024    r-- .const:ti_sysbios_knl_Clock_Object__PARAMS__C
  000011ac    000011ac    00000024   00000024    r-- .const:ti_sysbios_knl_Semaphore_Object__PARAMS__C
  000011d0    000011d0    00000020   00000020    r-- .const:ti_sysbios_family_arm_m3_Hwi_Object__DESC__C
  000011f0    000011f0    00000020   00000020    r-- .const:ti_sysbios_gates_GateHwi_Object__DESC__C
  00001210    00001210    00000020   00000020    r-- .const:ti_sysbios_gates_GateMutex_Object__DESC__C
  00001230    00001230    00000020   00000020    r-- .const:ti_sysbios_hal_Hwi_Object__DESC__C
  00001250    00001250    00000020   00000020    r-- .const:ti_sysbios_heaps_HeapMem_Object__DESC__C
  00001270    00001270    00000020   00000020    r-- .const:ti_sysbios_knl_Clock_Object__DESC__C
  00001290    00001290    00000020   00000020    r-- .const:ti_sysbios_knl_Mailbox_Object__DESC__C
  000012b0    000012b0    00000020   00000020    r-- .const:ti_sysbios_knl_Queue_Object__DESC__C
  000012d0    000012d0    00000020   00000020    r-- .const:ti_sysbios_knl_Semaphore_Object__DESC__C
  000012f0    000012f0    00000020   00000020    r-- .const:ti_sysbios_knl_Swi_Object__DESC__C
  00001310    00001310    00000020   00000020    r-- .const:ti_sysbios_knl_Task_Object__DESC__C
  00001330    00001330    00000018   00000018    r-- .const:ti_sysbios_gates_GateHwi_Object__PARAMS__C
  00001348    00001348    00000018   00000018    r-- .const:ti_sysbios_gates_GateMutex_Object__PARAMS__C
  00001360    00001360    00000018   00000018    r-- .const:ti_sysbios_knl_Queue_Object__PARAMS__C
  00001378    00001378    00000008   00000008    r-- .const:ti_sysbios_knl_Idle_funcList__C
  00001384    00001384    00000004   00000004    r-- .const:ti_sysbios_family_arm_cc26xx_Timer_startupNeeded__C
  00001388    00001388    00000004   00000004    r-- .const:ti_sysbios_family_arm_m3_Hwi_E_alreadyDefined__C
  0000138c    0000138c    00000004   00000004    r-- .const:ti_sysbios_family_arm_m3_Hwi_E_hwiLimitExceeded__C
  00001390    00001390    00000004   00000004    r-- .const:ti_sysbios_family_arm_m3_Hwi_NUM_INTERRUPTS__C
  00001394    00001394    00000004   00000004    r-- .const:ti_sysbios_family_arm_m3_Hwi_Object__count__C
  00001398    00001398    00000004   00000004    r-- .const:ti_sysbios_family_arm_m3_Hwi_Object__table__C
  0000139c    0000139c    00000004   00000004    r-- .const:ti_sysbios_family_arm_m3_Hwi_ccr__C
  000013a0    000013a0    00000004   00000004    r-- .const:ti_sysbios_family_arm_m3_Hwi_excHandlerFunc__C
  000013a4    000013a4    00000004   00000004    r-- .const:ti_sysbios_family_arm_m3_Hwi_nullIsrFunc__C
  000013a8    000013a8    00000004   00000004    r-- .const:ti_sysbios_family_arm_m3_Hwi_numSparseInterrupts__C
  000013ac    000013ac    00000004   00000004    r-- .const:ti_sysbios_family_arm_m3_Hwi_priGroup__C
  000013b0    000013b0    00000004   00000004    r-- .const:ti_sysbios_family_arm_m3_TaskSupport_stackAlignment__C
  000013b4    000013b4    00000004   00000004    r-- .const:ti_sysbios_heaps_HeapMem_E_memory__C
  000013b8    000013b8    00000004   00000004    r-- .const:ti_sysbios_heaps_HeapMem_Module__gateObj__C
  000013bc    000013bc    00000004   00000004    r-- .const:ti_sysbios_heaps_HeapMem_Object__count__C
  000013c0    000013c0    00000004   00000004    r-- .const:ti_sysbios_heaps_HeapMem_Object__table__C
  000013c4    000013c4    00000004   00000004    r-- .const:ti_sysbios_heaps_HeapMem_reqAlign__C
  000013c8    000013c8    00000004   00000004    r-- .const:ti_sysbios_knl_Clock_serviceMargin__C
  000013cc    000013cc    00000004   00000004    r-- .const:ti_sysbios_knl_Mailbox_Object__count__C
  000013d0    000013d0    00000004   00000004    r-- .const:ti_sysbios_knl_Mailbox_Object__table__C
  000013d4    000013d4    00000004   00000004    r-- .const:ti_sysbios_knl_Mailbox_maxTypeAlign__C
  000013d8    000013d8    00000004   00000004    r-- .const:ti_sysbios_knl_Queue_Object__count__C
  000013dc    000013dc    00000004   00000004    r-- .const:ti_sysbios_knl_Queue_Object__table__C
  000013e0    000013e0    00000004   00000004    r-- .const:ti_sysbios_knl_Swi_Object__count__C
  000013e4    000013e4    00000004   00000004    r-- .const:ti_sysbios_knl_Swi_Object__table__C
  000013e8    000013e8    00000004   00000004    r-- .const:ti_sysbios_knl_Swi_numPriorities__C
  000013ec    000013ec    00000004   00000004    r-- .const:ti_sysbios_knl_Task_Object__count__C
  000013f0    000013f0    00000004   00000004    r-- .const:ti_sysbios_knl_Task_Object__table__C
  000013f4    000013f4    00000004   00000004    r-- .const:ti_sysbios_knl_Task_allBlockedFunc__C
  000013f8    000013f8    00000004   00000004    r-- .const:ti_sysbios_knl_Task_defaultStackHeap__C
  000013fc    000013fc    00000004   00000004    r-- .const:ti_sysbios_knl_Task_defaultStackSize__C
  00001400    00001400    00000004   00000004    r-- .const:ti_sysbios_knl_Task_numConstructedTasks__C
  00001406    00001406    00000002   00000002    r-- .const:ti_sysbios_family_arm_cc26xx_Timer_Module__id__C
  00001408    00001408    00000002   00000002    r-- .const:ti_sysbios_family_arm_cc26xx_TimestampProvider_useClockTimer__C
  0000140a    0000140a    00000002   00000002    r-- .const:ti_sysbios_family_arm_m3_Hwi_Module__id__C
  0000140c    0000140c    00000002   00000002    r-- .const:ti_sysbios_gates_GateHwi_Module__id__C
  0000140e    0000140e    00000002   00000002    r-- .const:ti_sysbios_gates_GateMutex_Module__id__C
  00001410    00001410    00000002   00000002    r-- .const:ti_sysbios_heaps_HeapMem_Module__id__C
  00001412    00001412    00000002   00000002    r-- .const:ti_sysbios_knl_Task_initStackFlag__C
  00001414    00001414    00000001   00000001    r-- .const:ti_sysbios_knl_Clock_tickMode__C
  00001418    00001418    00000008   00000008    r-- .const:xdc_runtime_Startup_firstFxns__C
  00001420    00001420    00000008   00000008    r-- .const:xdc_runtime_Startup_lastFxns__C
  00001428    00001428    00000004   00000004    r-- .const:xdc_runtime_Assert_E_assertFailed__C
  0000142c    0000142c    00000004   00000004    r-- .const:xdc_runtime_Error_E_memory__C
  00001430    00001430    00000004   00000004    r-- .const:xdc_runtime_Error_policyFxn__C
  00001434    00001434    00000004   00000004    r-- .const:xdc_runtime_IGateProvider_Interface__BASE__C
  00001438    00001438    00000004   00000004    r-- .const:xdc_runtime_IHeap_Interface__BASE__C
  0000143c    0000143c    00000004   00000004    r-- .const:xdc_runtime_IModule_Interface__BASE__C
  00001440    00001440    00000004   00000004    r-- .const:xdc_runtime_Main_Module__diagsEnabled__C
  00001444    00001444    00000004   00000004    r-- .const:xdc_runtime_Main_Module__diagsIncluded__C
  00001448    00001448    00000004   00000004    r-- .const:xdc_runtime_Main_Module__diagsMask__C
  0000144c    0000144c    00000004   00000004    r-- .const:xdc_runtime_Memory_defaultHeapInstance__C
  00001450    00001450    00000004   00000004    r-- .const:xdc_runtime_Startup_execImpl__C
  00001454    00001454    00000004   00000004    r-- .const:xdc_runtime_Startup_maxPasses__C
  00001458    00001458    00000004   00000004    r-- .const:xdc_runtime_Startup_sfxnRts__C
  0000145c    0000145c    00000004   00000004    r-- .const:xdc_runtime_Startup_sfxnTab__C
  00001460    00001460    00000004   00000004    r-- .const:xdc_runtime_Startup_startModsFxn__C
  00001464    00001464    00000004   00000004    r-- .const:xdc_runtime_SysCallback_abortFxn__C
  00001468    00001468    00000004   00000004    r-- .const:xdc_runtime_SysCallback_exitFxn__C
  0000146c    0000146c    00000004   00000004    r-- .const:xdc_runtime_System_abortFxn__C
  00001470    00001470    00000004   00000004    r-- .const:xdc_runtime_System_exitFxn__C
  00001474    00001474    00000004   00000004    r-- .const:xdc_runtime_System_maxAtexitHandlers__C
  00001478    00001478    00000004   00000004    r-- .const:xdc_runtime_Text_charTab__C
  0000147c    0000147c    00000004   00000004    r-- .const:xdc_runtime_Text_nameEmpty__C
  00001480    00001480    00000004   00000004    r-- .const:xdc_runtime_Text_nameStatic__C
  00001484    00001484    00000004   00000004    r-- .const:xdc_runtime_Text_nameUnknown__C
  00001488    00001488    00000002   00000002    r-- .const:xdc_runtime_Main_Module__id__C
  0000148a    0000148a    00000002   00000002    r-- .const:xdc_runtime_Memory_Module__id__C
  0000148c    0000148c    00000002   00000002    r-- .const:xdc_runtime_Text_charCnt__C
  0000148e    0000148e    00000002   00000002    r-- .const:xdc_runtime_Text_isLoaded__C
  00001490    00001490    00000001   00000001    r-- .const:xdc_runtime_Error_policy__C
  00001494    00001494    00000004   00000004    r-- .const:ti_sysbios_rom_ROM_AONRTCChannelEnable
  00001498    00001498    00000004   00000004    r-- .const:ti_sysbios_rom_ROM_AONRTCCompareValueSet
  0000149c    0000149c    00000004   00000004    r-- .const:ti_sysbios_rom_ROM_AONRTCCurrentCompareValueGet
  000014a0    000014a0    00000004   00000004    r-- .const:ti_sysbios_rom_ROM_AONRTCEventClear
  000014a4    000014a4    00000004   00000004    r-- .const:ti_sysbios_rom_ROM_ti_sysbios_family_arm_cc26xx_Timer_getCount64__E
  000014a8    000014a8    00000004   00000004    r-- .const:ti_sysbios_rom_ROM_ti_sysbios_family_arm_cc26xx_Timer_getCurrentTick__E
  000014ac    000014ac    00000004   00000004    r-- .const:ti_sysbios_rom_ROM_ti_sysbios_family_arm_cc26xx_Timer_getMaxTicks__E
  000014b0    000014b0    00000004   00000004    r-- .const:ti_sysbios_rom_ROM_ti_sysbios_family_arm_cc26xx_Timer_initDevice__I
  000014b4    000014b4    00000004   00000004    r-- .const:ti_sysbios_rom_ROM_ti_sysbios_family_arm_cc26xx_Timer_setNextTick__E
  000014b8    000014b8    00000004   00000004    r-- .const:ti_sysbios_rom_ROM_ti_sysbios_family_arm_cc26xx_Timer_setThreshold__I
  000014bc    000014bc    00000004   00000004    r-- .const:ti_sysbios_rom_ROM_ti_sysbios_family_arm_cc26xx_Timer_start__E
  000014c0    000014c0    00000004   00000004    r-- .const:ti_sysbios_rom_ROM_ti_sysbios_family_arm_cc26xx_TimestampProvider_get32__E
  000014c4    000014c4    00000004   00000004    r-- .const:ti_sysbios_rom_ROM_xdc_runtime_Startup_getState__I
  000014c8    000014c8    00000004   00000004    r-- .const:ti_sysbios_rom_ROM_xdc_runtime_System_SupportProxy_abort__E
  000014cc    000014cc    00000004   00000004    r-- .const:ti_sysbios_rom_ROM_xdc_runtime_System_SupportProxy_exit__E
  000014d0    000014d0    00000004   00000004    r-- .const:ti_sysbios_gates_GateMutex_Instance_State_sem__O
  000014d4    000014d4    00000004   00000004    r-- .const:ti_sysbios_knl_Clock_Module_State_clockQ__O
  000014d8    000014d8    00000004   00000004    r-- .const:ti_sysbios_knl_Mailbox_Instance_State_dataQue__O
  000014dc    000014dc    00000004   00000004    r-- .const:ti_sysbios_knl_Mailbox_Instance_State_dataSem__O
  000014e0    000014e0    00000004   00000004    r-- .const:ti_sysbios_knl_Mailbox_Instance_State_freeQue__O
  000014e4    000014e4    00000004   00000004    r-- .const:ti_sysbios_knl_Mailbox_Instance_State_freeSem__O
  000014e8    000014e8    00000004   00000004    r-- .const:ti_sysbios_knl_Semaphore_Instance_State_pendQ__O
  000014ec    000014ec    00000004   00000004    r-- .const:ti_sysbios_knl_Task_Module_State_inactiveQ__O
  000014f0    000014f0    00006774   00006774    r-x .text
  00007c68    00007c68    00000328   00000328    r-- .cinit
0001ffa8    0001ffa8    00000058   00000058    r--
  0001ffa8    0001ffa8    00000058   00000058    r-- .ccfg
20000100    20000100    00000104   00000000    rw-
  20000100    20000100    00000044   00000000    rw- .data:ti_sysbios_knl_Task_Module__state__V
  20000144    20000144    00000034   00000000    rw- .data:ti_sysbios_family_arm_m3_Hwi_Module__state__V
  20000178    20000178    0000002c   00000000    rw- .data:ti_sysbios_knl_Clock_Module__state__V
  200001a4    200001a4    00000024   00000000    rw- .data:ti_sysbios_BIOS_Module__state__V
  200001c8    200001c8    0000001c   00000000    rw- .data:ti_sysbios_knl_Swi_Module__state__V
  200001e4    200001e4    00000008   00000000    rw- .data:ti_sysbios_family_arm_cc26xx_Timer_Module__state__V
  200001ec    200001ec    00000004   00000000    rw- .data:ti_sysbios_family_arm_cc26xx_TimestampProvider_Module__state__V
  200001f0    200001f0    00000008   00000000    rw- .data:xdc_runtime_Startup_Module__state__V
  200001f8    200001f8    00000008   00000000    rw- .data:xdc_runtime_System_Module__state__V
  20000200    20000200    00000004   00000000    rw- .data:xdc_runtime_Memory_Module__state__V
20000470    20000470    00000010   00000000    rw-
  20000470    20000470    00000010   00000000    rw- .TI.bound:dmaADCPriControlTableEntry
20000490    20000490    00000010   00000000    rw-
  20000490    20000490    00000010   00000000    rw- .TI.bound:dmaGPT0APriControlTableEntry
20000670    20000670    00000010   00000000    rw-
  20000670    20000670    00000010   00000000    rw- .TI.bound:dmaADCAltControlTableEntry
20000690    20000690    00001c1d   00000000    rw-
  20000690    20000690    00000010   00000000    rw- .TI.bound:dmaGPT0AAltControlTableEntry
  200006a0    200006a0    000017ed   00000000    rw- .bss
  20001e90    20001e90    0000041d   00000000    rw- .data
20004d00    20004d00    00000300   00000000    rw-
  20004d00    20004d00    00000300   00000000    rw- .stack


SECTION ALLOCATION MAP

 output                                  attributes/
section   page    origin      length       input sections
--------  ----  ----------  ----------   ----------------
.const     0    0000003c    00000cdf     
                  0000003c    000006b4     smartrf_settings.obj (.const:patchGenfskRfe)
                  000006f0    0000028c     smartrf_settings.obj (.const:patchImageGenfsk)
                  0000097c    00000060     CC1350_LAUNCHXL.obj (.const:GPTimerCC26XX_config)
                  000009dc    00000060     CC1350_LAUNCHXL.obj (.const:gptimerCC26xxHWAttrs)
                  00000a3c    0000004c     drivers_cc13xxware.aem3 : PowerCC26XX.oem3 (.const:resourceDB)
                  00000a88    00000048     adcBufContinuousSampling_pem3.oem3 (.const:.string)
                  00000ad0    00000040     drivers_cc13xxware.aem3 : UARTCC26XX.oem3 (.const)
                  00000b10    00000034     CC1350_LAUNCHXL.obj (.const:BoardGpioInitTable)
                  00000b44    00000028     drivers_cc13xxware.aem3 : UARTCC26XX.oem3 (.const:UARTCC26XX_fxnTable)
                  00000b6c    00000028     adcBufContinuousSampling_pem3.oem3 (.const:xdc_runtime_Startup_sfxnTab__A)
                  00000b94    00000024     drivers_cc13xxware.aem3 : ADCBufCC26XX.oem3 (.const:ADCBufCC26XX_fxnTable)
                  00000bb8    00000024                             : UART.oem3 (.const:UART_defaultParams)
                  00000bdc    00000022                             : GPTimerCC26XX.oem3 (.const)
                  00000bfe    00000002     adcBufContinuousSampling_pem3.oem3 (.const:xdc_runtime_SysMin_flushAtExit__C)
                  00000c00    00000020     CC1350_LAUNCHXL.obj (.const:uartCC26XXHWAttrs)
                  00000c20    00000018     CC1350_LAUNCHXL.obj (.const:ADCBuf_config)
                  00000c38    00000018     CC1350_LAUNCHXL.obj (.const:UART_config)
                  00000c50    00000018     drivers_cc13xxware.aem3 : ADCBuf.oem3 (.const)
                  00000c68    00000016     CC1350_LAUNCHXL.obj (.const:ADCBufCC26XX_adcChannelLut)
                  00000c7e    00000002     adcBufContinuousSampling_pem3.oem3 (.const:xdc_runtime_Text_registryModsLastId__C)
                  00000c80    00000014     CC1350_LAUNCHXL.obj (.const:adcBufCC26XXHWAttrs)
                  00000c94    00000014     rf_singleMode_cc13xxware.aem3 : RFCC26XX_singleMode.oem3 (.const)
                  00000ca8    00000014     adcBufContinuousSampling_pem3.oem3 (.const:xdc_runtime_Startup_sfxnRts__A)
                  00000cbc    00000010     CC1350_LAUNCHXL.obj (.const:PowerCC26XX_config)
                  00000ccc    00000010     CC1350_LAUNCHXL.obj (.const:UDMACC26XX_config)
                  00000cdc    0000000c     adcBufContinuousSampling_pem3.oem3 (.const:xdc_runtime_Startup_firstFxns__A)
                  00000ce8    00000008     CC1350_LAUNCHXL.obj (.const:PINCC26XX_hwAttrs)
                  00000cf0    00000008     CC1350_LAUNCHXL.obj (.const:udmaHWAttrs)
                  00000cf8    00000004     CC1350_LAUNCHXL.obj (.const:RFCC26XX_hwAttrs)
                  00000cfc    00000004     adcBufContinuousSampling_pem3.oem3 (.const:ti_sysbios_knl_Clock_tickPeriod__C)
                  00000d00    00000004     adcBufContinuousSampling_pem3.oem3 (.const:ti_sysbios_knl_Clock_triggerClock__C)
                  00000d04    00000004     adcBufContinuousSampling_pem3.oem3 (.const:ti_sysbios_knl_Idle_funcList__A)
                  00000d08    00000004     adcBufContinuousSampling_pem3.oem3 (.const:xdc_runtime_SysMin_bufSize__C)
                  00000d0c    00000004     adcBufContinuousSampling_pem3.oem3 (.const:xdc_runtime_SysMin_outputFunc__C)
                  00000d10    00000004     adcBufContinuousSampling_pem3.oem3 (.const:xdc_runtime_System_extendFxn__C)
                  00000d14    00000004     adcBufContinuousSampling_pem3.oem3 (.const:xdc_runtime_Text_visitRopeFxn__C)
                  00000d18    00000002     adcBufContinuousSampling_pem3.oem3 (.const:xdc_runtime_Text_unnamedModsLastId__C)
                  00000d1a    00000001     adcBufContinuousSampling_pem3.oem3 (.const:xdc_runtime_Text_charTab__A)

.text      0    000014f0    00006774     
                  000014f0    000003b8     rf_singleMode_cc13xxware.aem3 : RFCC26XX_singleMode.oem3 (.text:fsmActiveState)
                  000018a8    0000033c     rom_sysbios.aem3 : rom_sysbios.obj (.text:xdc_runtime_System_doPrint__I)
                  00001be4    00000228     driverlib.lib : sys_ctrl.obj (.text:NOROM_SysCtrlSetRechargeBeforePowerDown)
                  00001e0c    00000228     drivers_cc13xxware.aem3 : PowerCC26XX.oem3 (.text:Power_sleep)
                  00002034    000001ec                             : PowerCC26XX_calibrateRCOSC.oem3 (.text:calibrateRcoscHf1)
                  00002220    000001dc     rf_singleMode_cc13xxware.aem3 : RFCC26XX_singleMode.oem3 (.text:RF_postCmd)
                  000023fc    000001c4     drivers_cc13xxware.aem3 : PINCC26XX.oem3 (.text:PIN_init)
                  000025c0    000001a0                             : PowerCC26XX_calibrateRCOSC.oem3 (.text:PowerCC26XX_doCalibrate)
                  00002760    000001a0                             : UARTCC26XX.oem3 (.text:UARTCC26XX_open)
                  00002900    00000168     rf_singleMode_cc13xxware.aem3 : RFCC26XX_singleMode.oem3 (.text:fsmSetupState)
                  00002a68    00000160     drivers_cc13xxware.aem3 : ADCBufCC26XX.oem3 (.text:ADCBufCC26XX_open)
                  00002bc8    0000014c     rfPacketTx.obj (.text:main)
                  00002d14    00000144     rfPacketTx.obj (.text:txTaskFunction)
                  00002e58    00000130     driverlib.lib : setup_rom.obj (.text:NOROM_SetupAfterColdResetWakeupFromShutDownCfg3)
                  00002f88    0000012c     drivers_cc13xxware.aem3 : PowerCC26XX.oem3 (.text:Power_init)
                  000030b4    00000128     rf_singleMode_cc13xxware.aem3 : RFCC26XX_singleMode.oem3 (.text:rf_init)
                  000031dc    00000128     smartrf_settings.obj (.text:rf_patch_rfe_genfsk)
                  00003304    0000011c     drivers_cc13xxware.aem3 : UARTCC26XX.oem3 (.text:UARTCC26XX_read)
                  00003420    00000118     rf_singleMode_cc13xxware.aem3 : RFCC26XX_singleMode.oem3 (.text:hwiFxnCpe0Active)
                  00003538    00000110     drivers_cc13xxware.aem3 : UARTCC26XX.oem3 (.text:UARTCC26XX_hwiIntFxn)
                  00003648    00000108     rfPacketTx.obj (.text:conversionStartFxn)
                  00003750    000000fc     drivers_cc13xxware.aem3 : ADCBufCC26XX.oem3 (.text:ADCBufCC26XX_convert)
                  0000384c    000000fc                             : UARTCC26XX.oem3 (.text:UARTCC26XX_write)
                  00003948    000000f8     adcBufContinuousSampling_pem3.oem3 (.text:xdc_runtime_System_printfExtend__I)
                  00003a40    000000f0     driverlib.lib : setup_rom.obj (.text:NOROM_SetupAfterColdResetWakeupFromShutDownCfg2)
                  00003b30    000000e0     drivers_cc13xxware.aem3 : PINCC26XX.oem3 (.text:PINCC26XX_setIoCfg)
                  00003c10    000000d8     driverlib.lib : rfc.obj (.text:NOROM_RFCRTrim)
                  00003ce8    000000d4                   : rfc.obj (.text:NOROM_RFCRfTrimRead)
                  00003dbc    000000d4     power_cc13xx_tirtos.aem3 : PowerCC26XX_tirtos.oem3 (.text:PowerCC26XX_standbyPolicy)
                  00003e90    000000d4     drivers_cc13xxware.aem3 : PowerCC26XX.oem3 (.text:Power_releaseDependency)
                  00003f64    000000d0                             : PowerCC26XX.oem3 (.text:Power_setDependency)
                  00004034    000000cc     rf_singleMode_cc13xxware.aem3 : RFCC26XX_singleMode.oem3 (.text:RF_open)
                  00004100    000000c8     drivers_cc13xxware.aem3 : UARTCC26XX.oem3 (.text:UARTCC26XX_initHw)
                  000041c8    000000c4     rf_singleMode_cc13xxware.aem3 : RFCC26XX_singleMode.oem3 (.text:fsmPowerUpState)
                  0000428c    000000c0     driverlib.lib : aux_adc.obj (.text:NOROM_AUXADCEnableSync)
                  0000434c    000000c0                   : setup.obj (.text:TrimAfterColdResetWakeupFromShutDown)
                  0000440c    000000b4                   : aux_adc.obj (.text:NOROM_AUXADCEnableAsync)
                  000044c0    000000a8                   : setup.obj (.text:NOROM_SetupTrimDevice)
                  00004568    000000a4                   : setup_rom.obj (.text:NOROM_SetupAfterColdResetWakeupFromShutDownCfg1)
                  0000460c    000000a0     auto_init.aem3 : auto_init.oem3 (.text)
                  000046ac    0000009e     rom_sysbios.aem3 : rom_sysbios.obj (.text:xdc_runtime_Text_putSite__E)
                  0000474a    0000009c     rtsv7M3_T_le_eabi.lib : memcpy_t2.asm.obj (.text)
                  000047e6    00000002                           : _lock.c.obj (.text:_nop)
                  000047e8    00000098     rom_sysbios.aem3 : rom_sysbios.obj (.text:ti_sysbios_knl_Clock_workFuncDynamic__E)
                  00004880    00000096     rtsv7M3_T_le_eabi.lib : ull_div_t2.asm.obj (.text)
                  00004916    00000002     rf_singleMode_cc13xxware.aem3 : RFCC26XX_singleMode.oem3 (.text:defaultErrCb)
                  00004918    00000094     driverlib.lib : aux_adc.obj (.text:NOROM_AUXADCDisable)
                  000049ac    00000094     drivers_cc13xxware.aem3 : PINCC26XX.oem3 (.text:PIN_open)
                  00004a40    00000094                             : UARTCC26XX.oem3 (.text:writeFinishedDoCallback)
                  00004ad4    00000094     rom_sysbios.aem3 : rom_sysbios.obj (.text:xdc_runtime_Text_putMod__E)
                  00004b68    00000090     drivers_cc13xxware.aem3 : PowerCC26XX.oem3 (.text:switchXOSCHFclockFunc)
                  00004bf8    0000008c                             : GPTimerCC26XX.oem3 (.text:GPTimerCC26XX_open)
                  00004c84    0000008c                             : UARTCC26XX.oem3 (.text:UARTCC26XX_initIO)
                  00004d10    0000008c                             : UARTCC26XX.oem3 (.text:UARTCC26XX_writeCancel)
                  00004d9c    0000008c                             : PowerCC26XX.oem3 (.text:disableLFClockQualifiers)
                  00004e28    00000088                             : PowerCC26XX_calibrateRCOSC.oem3 (.text:calibrateRcoscHf2)
                  00004eb0    00000084     rfPacketTx.obj (.text:adcBufCallback)
                  00004f34    00000084     rf_singleMode_cc13xxware.aem3 : RFCC26XX_singleMode.oem3 (.text:swiFxnHw)
                  00004fb8    00000080                                   : RFCC26XX_singleMode.oem3 (.text:RF_pendCmd)
                  00005038    0000007a     rtsv7M3_T_le_eabi.lib : memset_t2.asm.obj (.text)
                  000050b2    00000002     drivers_cc13xxware.aem3 : PowerCC26XX.oem3 (.text:emptyClockFunc)
                  000050b4    00000078                             : UARTCC26XX.oem3 (.text:UARTCC26XX_close)
                  0000512c    00000074     driverlib.lib : setup_rom.obj (.text:NOROM_SetupSetVddrLevel)
                  000051a0    00000074     drivers_cc13xxware.aem3 : PowerCC26XX_calibrateRCOSC.oem3 (.text:PowerCC26XX_auxISR)
                  00005214    00000074     rf_singleMode_cc13xxware.aem3 : RFCC26XX_singleMode.oem3 (.text:decActiveClientCnt)
                  00005288    00000074                                   : RFCC26XX_singleMode.oem3 (.text:fsmPowerDownState)
                  000052fc    00000074     rom_sysbios.aem3 : rom_sysbios.obj (.text:ti_sysbios_family_arm_cc26xx_Timer_start__E)
                  00005370    00000074     drivers_cc13xxware.aem3 : UARTCC26XX.oem3 (.text:writeTxFifoFlush)
                  000053e4    00000070                             : GPTimerCC26XX.oem3 (.text:GPTimerCC26XX_resetHw)
                  00005454    00000070     driverlib.lib : chipinfo.obj (.text:NOROM_ChipInfo_GetHwRevision)
                  000054c4    0000006d     rom_sysbios.aem3 : rom_sysbios.obj (.text:xdc_runtime_System_formatNum__I)
                  00005531    00000001     --HOLE-- [fill = 0]
                  00005532    00000002     smartrf_settings.obj (.text:enterGenfskSysPatch)
                  00005534    0000006c     driverlib.lib : setup_rom.obj (.text:NOROM_SetupGetTrimForAmpcompCtrl)
                  000055a0    0000006c     drivers_cc13xxware.aem3 : PowerCC26XX.oem3 (.text:PowerCC26XX_calibrate)
                  0000560c    0000006c                             : UARTCC26XX.oem3 (.text:UARTCC26XX_readCancel)
                  00005678    00000068     driverlib.lib : setup_rom.obj (.text:NOROM_SetupGetTrimForAnabypassValue1)
                  000056e0    00000068                   : sys_ctrl.obj (.text:NOROM_SysCtrl_DCDC_VoltageConditionalControl)
                  00005748    00000068     rf_singleMode_cc13xxware.aem3 : RFCC26XX_singleMode.oem3 (.text:RF_getCurrentTime)
                  000057b0    00000068     rtsv7M3_T_le_eabi.lib : copy_decompress_lzss.c.obj (.text:decompress:lzss:__TI_decompress_lzss)
                  00005818    00000064     drivers_cc13xxware.aem3 : ADCBufCC26XX.oem3 (.text:ADCBufCC26XX_cleanADC)
                  0000587c    00000064     driverlib.lib : osc.obj (.text:NOROM_OSCHF_AttemptToSwitchToXosc)
                  000058e0    00000064     drivers_cc13xxware.aem3 : UARTCC26XX.oem3 (.text:UARTCC26XX_control)
                  00005944    00000060                             : ADCBufCC26XX.oem3 (.text:ADCBufCC26XX_swiFxn)
                  000059a4    00000060     driverlib.lib : osc.obj (.text:NOROM_OSCClockSourceSet)
                  00005a04    00000060     drivers_cc13xxware.aem3 : PowerCC26XX_calibrateRCOSC.oem3 (.text:PowerCC26XX_RCOSC_clockFunc)
                  00005a64    00000060     rfPacketTx.obj (.text:TxTask_init)
                  00005ac4    00000060     rf_singleMode_cc13xxware.aem3 : RFCC26XX_singleMode.oem3 (.text:fsmXOSCState)
                  00005b24    00000060     drivers_cc13xxware.aem3 : PowerCC26XX_calibrateRCOSC.oem3 (.text:updateSubSecInc)
                  00005b84    0000005c     driverlib.lib : sys_ctrl.obj (.text:NOROM_SysCtrlAdjustRechargeAfterPowerDown)
                  00005be0    0000005c     drivers_cc13xxware.aem3 : PINCC26XX.oem3 (.text:PIN_remove)
                  00005c3c    0000005c                             : UDMACC26XX.oem3 (.text:UDMACC26XX_open)
                  00005c98    0000005c     smartrf_settings.obj (.text:configureGenfskPatch)
                  00005cf4    0000005c     adcBufContinuousSampling_pem3.oem3 (.text:xdc_runtime_Startup_getState__I)
                  00005d50    0000005b     rom_sysbios.aem3 : rom_sysbios.obj (.text:xdc_runtime_Text_putLab__E)
                  00005dab    00000001     --HOLE-- [fill = 0]
                  00005dac    00000058     drivers_cc13xxware.aem3 : ADCBufCC26XX.oem3 (.text:ADCBufCC26XX_loadDMAControlTableEntry)
                  00005e04    00000058                             : GPTimerCC26XX.oem3 (.text:GPTimerCC26XX_stop)
                  00005e5c    00000058     rtsv7M3_T_le_eabi.lib : hostwrite.c.obj (.text:HOSTwrite)
                  00005eb4    00000058     drivers_cc13xxware.aem3 : PowerCC26XX_calibrateRCOSC.oem3 (.text:PowerCC26XX_initiateCalibration)
                  00005f0c    00000054                             : PowerCC26XX.oem3 (.text:configureXOSCHF)
                  00005f60    00000054     rf_singleMode_cc13xxware.aem3 : RFCC26XX_singleMode.oem3 (.text:hwiFxnHw)
                  00005fb4    00000054                                   : RFCC26XX_singleMode.oem3 (.text:ratChanFree)
                  00006008    00000050     drivers_cc13xxware.aem3 : ADCBufCC26XX.oem3 (.text:ADCBufCC26XX_loadGPTDMAControlTableEntry)
                  00006058    00000050     driverlib.lib : setup_rom.obj (.text:NOROM_SetupSetCacheModeAccordingToCcfgSetting)
                  000060a8    00000050     rf_singleMode_cc13xxware.aem3 : RFCC26XX_singleMode.oem3 (.text:dispatchOpWhen)
                  000060f8    00000050                                   : RFCC26XX_singleMode.oem3 (.text:syncCb)
                  00006148    0000004c     drivers_cc13xxware.aem3 : GPTimerCC26XX.oem3 (.text:GPTimerCC26XX_start)
                  00006194    0000004c     rf_singleMode_cc13xxware.aem3 : RFCC26XX_singleMode.oem3 (.text:applyRfCorePatch)
                  000061e0    0000004c     rtsv7M3_T_le_eabi.lib : cpy_tbl.c.obj (.text:copy_in)
                  0000622c    0000004c     drivers_cc13xxware.aem3 : UARTCC26XX.oem3 (.text:startTxFifoEmptyClk)
                  00006278    0000004a                             : ADCBufCC26XX.oem3 (.text:ADCBufCC26XX_control)
                  000062c2    00000002     rtsv7M3_T_le_eabi.lib : div0.asm.obj (.text)
                  000062c4    00000048     driverlib.lib : chipinfo.obj (.text:NOROM_ChipInfo_GetChipFamily)
                  0000630c    00000048     drivers_cc13xxware.aem3 : PINCC26XX.oem3 (.text:PIN_setOutputEnable)
                  00006354    00000048                             : PINCC26XX.oem3 (.text:PIN_swi)
                  0000639c    00000048     rf_singleMode_cc13xxware.aem3 : RFCC26XX_singleMode.oem3 (.text:RF_runCmd)
                  000063e4    00000048     drivers_cc13xxware.aem3 : PowerCC26XX.oem3 (.text:notify)
                  0000642c    00000048     rfPacketTx.obj (.text:uartReadCallback)
                  00006474    00000046     drivers_cc13xxware.aem3 : RingBuf.oem3 (.text:RingBuf_put)
                  000064ba    00000044                             : ADCBufCC26XX.oem3 (.text:ADCBufCC26XX_close)
                  000064fe    00000002     rom_sysbios.aem3 : rom_sysbios.obj (.text:ti_sysbios_BIOS_linkedWithIncorrectBootLibrary__E)
                  00006500    00000044     boot.aem3 : boot.oem3 (.text)
                  00006544    00000044     rom_sysbios.aem3 : rom_sysbios.obj (.text:xdc_runtime_SysMin_flush__E)
                  00006588    00000044                      : rom_sysbios.obj (.text:xdc_runtime_Text_xprintf__I)
                  000065cc    00000040     drivers_cc13xxware.aem3 : ADCBufCC26XX.oem3 (.text:ADCBufCC26XX_convertAdjustedToMicroVolts)
                  0000660c    00000040                             : ADCBufCC26XX.oem3 (.text:ADCBufCC26XX_hwiFxn)
                  0000664c    00000040                             : RingBuf.oem3 (.text:RingBuf_get)
                  0000668c    00000040     rtsv7M3_T_le_eabi.lib : u_divt2.asm.obj (.text)
                  000066cc    0000003c     driverlib.lib : osc.obj (.text:NOROM_OSC_HPOSCRelativeFrequencyOffsetGet)
                  00006708    0000003c                   : rfc.obj (.text:NOROM_RFCSynthPowerDown)
                  00006744    0000003c     drivers_cc13xxware.aem3 : PINCC26XX.oem3 (.text:PIN_setOutputValue)
                  00006780    0000003c                             : UARTCC26XX.oem3 (.text:UARTCC26XX_swiIntFxn)
                  000067bc    0000003a                             : ADCBufCC26XX.oem3 (.text:ADCBufCC26XX_adjustRawValues)
                  000067f6    0000003a                             : ADCBufCC26XX.oem3 (.text:ADCBufCC26XX_configGPTDMA)
                  00006830    00000038                             : UART.oem3 (.text:UART_init)
                  00006868    00000038     rtsv7M3_T_le_eabi.lib : trgmsg.c.obj (.text:__TI_writemsg)
                  000068a0    00000038     drivers_cc13xxware.aem3 : UARTCC26XX.oem3 (.text:readData)
                  000068d8    00000038     rom_sysbios.aem3 : rom_sysbios.obj (.text:ti_sysbios_family_arm_cc26xx_Timer_getCurrentTick__E)
                  00006910    00000038     drivers_cc13xxware.aem3 : UARTCC26XX.oem3 (.text:writeData)
                  00006948    00000038     rom_sysbios.aem3 : rom_sysbios.obj (.text:xdc_runtime_SysMin_putch__E)
                  00006980    00000036     drivers_cc13xxware.aem3 : UDMACC26XX.oem3 (.text:UDMACC26XX_close)
                  000069b6    00000036     rom_sysbios.aem3 : rom_sysbios.obj (.text:ti_sysbios_family_arm_cc26xx_Timer_setNextTick__E)
                  000069ec    00000036     rf_singleMode_cc13xxware.aem3 : RFCC26XX_singleMode.oem3 (.text:updateImplicitState)
                  00006a22    00000002     adcBufContinuousSampling_pem3.oem3 (.text:ti_sysbios_BIOS_nullFunc__I)
                  00006a24    00000034     drivers_cc13xxware.aem3 : ADCBufCC26XX.oem3 (.text:ADCBufCC26XX_configDMA)
                  00006a58    00000034                             : ADCBufCC26XX.oem3 (.text:ADCBufCC26XX_convertCancel)
                  00006a8c    00000034                             : GPTimerCC26XX.oem3 (.text:GPTimerCC26XXSetLoadMatch)
                  00006ac0    00000034                             : GPTimerCC26XX.oem3 (.text:GPTimerCC26XX_initHw)
                  00006af4    00000034     driverlib.lib : aux_adc.obj (.text:NOROM_AUXADCDisableInputScaling)
                  00006b28    00000034                   : osc.obj (.text:NOROM_OSCHF_SwitchToRcOscTurnOffXosc)
                  00006b5c    00000034     drivers_cc13xxware.aem3 : PINCC26XX.oem3 (.text:PIN_setConfig)
                  00006b90    00000034     rf_singleMode_cc13xxware.aem3 : RFCC26XX_singleMode.oem3 (.text:Q_push)
                  00006bc4    00000034     rtsv7M3_T_le_eabi.lib : trgmsg.c.obj (.text:__TI_readmsg)
                  00006bf8    00000034                           : rand.c.obj (.text:rand)
                  00006c2c    00000034     drivers_cc13xxware.aem3 : UARTCC26XX.oem3 (.text:readData2RingBuf)
                  00006c60    00000034     rom_sysbios.aem3 : rom_sysbios.obj (.text:ti_sysbios_family_arm_cc26xx_Timer_initDevice__I)
                  00006c94    00000030     drivers_cc13xxware.aem3 : GPTimerCC26XX.oem3 (.text:GPTimerCC26XX_close)
                  00006cc4    00000030     driverlib.lib : setup_rom.obj (.text:NOROM_SetupSetAonRtcSubSecInc)
                  00006cf4    00000030     drivers_cc13xxware.aem3 : PowerCC26XX.oem3 (.text:Power_releaseConstraint)
                  00006d24    00000030                             : PowerCC26XX.oem3 (.text:Power_setConstraint)
                  00006d54    00000030     driverlib.lib : adi.obj (.text:SafeHapiAuxAdiSelect)
                  00006d84    00000030     drivers_cc13xxware.aem3 : UART.oem3 (.text:UART_open)
                  00006db4    00000030     rf_singleMode_cc13xxware.aem3 : RFCC26XX_singleMode.oem3 (.text:clkPowerUpFxn)
                  00006de4    00000030     adcBufContinuousSampling_pem3.oem3 (.text:ti_sysbios_BIOS_atExitFunc__I)
                  00006e14    00000030     adcBufContinuousSampling_pem3.oem3 (.text:ti_sysbios_BIOS_startFunc__I)
                  00006e44    00000030     rom_sysbios.aem3 : rom_sysbios.obj (.text:ti_sysbios_family_arm_cc26xx_Timer_setThreshold__I)
                  00006e74    00000030                      : rom_sysbios.obj (.text:xdc_runtime_SysMin_abort__E)
                  00006ea4    0000002f                      : rom_sysbios.obj (.text:xdc_runtime_Text_printVisFxn__I)
                  00006ed3    00000001     --HOLE-- [fill = 0]
                  00006ed4    0000002c     drivers_cc13xxware.aem3 : ADCBufCC26XX.oem3 (.text:ADCBufCC26XX_acquireADCSemaphore)
                  00006f00    0000002c                             : ADCBufCC26XX.oem3 (.text:ADCBufCC26XX_releaseADCSemaphore)
                  00006f2c    0000002c     driverlib.lib : ddi.obj (.text:NOROM_DDI32RegWrite)
                  00006f58    0000002c                   : osc.obj (.text:NOROM_OSCClockSourceGet)
                  00006f84    0000002c                   : setup_rom.obj (.text:NOROM_SetupGetTrimForRadcExtCfg)
                  00006fb0    0000002c     drivers_cc13xxware.aem3 : PINCC26XX.oem3 (.text:PINCC26XX_setMux)
                  00006fdc    0000002c     rf_singleMode_cc13xxware.aem3 : RFCC26XX_singleMode.oem3 (.text:getCmd)
                  00007008    0000002c     rom_sysbios.aem3 : rom_sysbios.obj (.text:ti_sysbios_knl_Clock_getTicksUntilInterrupt__E)
                  00007034    0000002a                      : rom_sysbios.obj (.text:xdc_runtime_System_putchar__I)
                  0000705e    00000002                      : rom_sysbios.obj (.text:ti_sysbios_knl_Clock_triggerFunc__I)
                  00007060    00000028     drivers_cc13xxware.aem3 : GPTimerCC26XX.oem3 (.text:GPTimerCC26XX_configureDebugStall)
                  00007088    00000028     driverlib.lib : aon_batmon.obj (.text:NOROM_AONBatMonTemperatureGetDegC)
                  000070b0    00000028     drivers_cc13xxware.aem3 : PowerCC26XX.oem3 (.text:Power_registerNotify)
                  000070d8    00000028     driverlib.lib : adi.obj (.text:SafeHapiVoid)
                  00007100    00000026     drivers_cc13xxware.aem3 : List.oem3 (.text:List_put)
                  00007126    00000024                             : GPTimerCC26XX.oem3 (.text:GPTimerCC26XXReverseLookupMask)
                  0000714a    00000002     rom_sysbios.aem3 : rom_sysbios.obj (.text:xdc_runtime_SysCallback_defaultAbort)
                  0000714c    00000024     drivers_cc13xxware.aem3 : GPTimerCC26XX.oem3 (.text:GPTimerCC26XX_enableInterrupt)
                  00007170    00000024                             : PINCC26XX.oem3 (.text:PINCC26XX_getPinCount)
                  00007194    00000024                             : PowerCC26XX_calibrateRCOSC.oem3 (.text:getTdcSemaphore)
                  000071b8    00000024     rf_singleMode_cc13xxware.aem3 : RFCC26XX_singleMode.oem3 (.text:hwiFxnCpe0PowerFsm)
                  000071dc    00000024     adcBufContinuousSampling_pem3.oem3 (.text:ti_sysbios_BIOS_registerRTSLock__I)
                  00007200    00000024     adcBufContinuousSampling_pem3.oem3 (.text:ti_sysbios_BIOS_removeRTSLock__I)
                  00007224    00000024     rom_sysbios.aem3 : rom_sysbios.obj (.text:ti_sysbios_family_arm_cc26xx_Timer_getMaxTicks__E)
                  00007248    00000024                      : rom_sysbios.obj (.text:xdc_runtime_System_vprintf__E)
                  0000726c    00000022     driverlib.lib : aux_adc.obj (.text:NOROM_AUXADCAdjustValueForGainAndOffset)
                  0000728e    00000022     adcBufContinuousSampling_pem3.oem3 (.text:xdc_runtime_SysMin_output__I)
                  000072b0    00000020     drivers_cc13xxware.aem3 : ADCBuf.oem3 (.text:ADCBuf_open)
                  000072d0    00000020     driverlib.lib : rfc.obj (.text:NOROM_RFCAdi3VcoLdoVoltageMode)
                  000072f0    00000020                   : rfc.obj (.text:NOROM_RFCDoorbellSendTo)
                  00007310    00000020                   : setup_rom.obj (.text:NOROM_SetupGetTrimForXoscHfCtl)
                  00007330    00000020     drivers_cc13xxware.aem3 : PowerCC26XX.oem3 (.text:Power_unregisterNotify)
                  00007350    00000020     rf_singleMode_cc13xxware.aem3 : RFCC26XX_singleMode.oem3 (.text:allocCmd)
                  00007370    00000020     adcBufContinuousSampling_pem3.oem3 (.text:ti_sysbios_BIOS_rtsLock__I)
                  00007390    00000020     rom_sysbios.aem3 : rom_sysbios.obj (.text:ti_sysbios_family_arm_cc26xx_Timer_dynamicStub__E)
                  000073b0    00000020                      : rom_sysbios.obj (.text:ti_sysbios_knl_Clock_stop__E)
                  000073d0    00000020                      : rom_sysbios.obj (.text:xdc_runtime_SysMin_Module_startup__E)
                  000073f0    0000001e     drivers_cc13xxware.aem3 : PINCC26XX.oem3 (.text:PIN_close)
                  0000740e    0000001e                             : PowerCC26XX.oem3 (.text:Power_getTransitionLatency)
                  0000742c    0000001c                             : ADCBuf.oem3 (.text:ADCBuf_init)
                  00007448    0000001c     driverlib.lib : aux_adc.obj (.text:NOROM_AUXADCGetAdjustmentGain)
                  00007464    0000001c                   : setup_rom.obj (.text:NOROM_SetupGetTrimForAmpcompTh2)
                  00007480    0000001c                   : setup_rom.obj (.text:NOROM_SetupGetTrimForRcOscLfRtuneCtuneTrim)
                  0000749c    0000001c     drivers_cc13xxware.aem3 : PINCC26XX.oem3 (.text:PINCC26XX_setIoCfgMux)
                  000074b8    0000001c                             : PINCC26XX.oem3 (.text:PIN_hwi)
                  000074d4    0000001c                             : UDMACC26XX.oem3 (.text:UDMACC26XX_initHw)
                  000074f0    0000001c     smartrf_settings.obj (.text:enterGenfskCpePatch)
                  0000750c    0000001c     rom_sysbios.aem3 : rom_sysbios.obj (.text:xdc_runtime_Registry_findById__E)
                  00007528    0000001c                      : rom_sysbios.obj (.text:xdc_runtime_SysMin_exit__E)
                  00007544    0000001c                      : rom_sysbios_config.obj (.text:xdc_runtime_System_sprintf__E)
                  00007560    0000001a     drivers_cc13xxware.aem3 : List.oem3 (.text:List_remove)
                  0000757a    0000001a     rom_sysbios.aem3 : rom_sysbios_config.obj (.text:xdc_runtime_System_printf__E)
                  00007594    00000018     driverlib.lib : aon_rtc.obj (.text:NOROM_AONRTCCurrentCompareValueGet)
                  000075ac    00000018                   : aux_adc.obj (.text:NOROM_AUXADCGetAdjustmentOffset)
                  000075c4    00000018                   : chipinfo.obj (.text:NOROM_ChipInfo_GetPackageType)
                  000075dc    00000018                   : osc.obj (.text:NOROM_OSCHF_TurnOnXosc)
                  000075f4    00000018                   : rfc.obj (.text:NOROM_RFCCpeIntGetAndClear)
                  0000760c    00000018                   : setup_rom.obj (.text:NOROM_SetupGetTrimForAdcShModeEn)
                  00007624    00000018                   : setup_rom.obj (.text:NOROM_SetupGetTrimForAdcShVbufEn)
                  0000763c    00000018                   : setup_rom.obj (.text:NOROM_SetupGetTrimForAmpcompTh1)
                  00007654    00000018                   : setup_rom.obj (.text:NOROM_SetupGetTrimForDblrLoopFilterResetVoltage)
                  0000766c    00000018                   : setup_rom.obj (.text:NOROM_SetupGetTrimForRcOscLfIBiasTrim)
                  00007684    00000018                   : setup_rom.obj (.text:NOROM_SetupGetTrimForXoscLfRegulatorAndCmirrwrRatio)
                  0000769c    00000018     drivers_cc13xxware.aem3 : PowerCC26XX.oem3 (.text:Power_idleFunc)
                  000076b4    00000018     rf_singleMode_cc13xxware.aem3 : RFCC26XX_singleMode.oem3 (.text:Q_pop)
                  000076cc    00000018     drivers_cc13xxware.aem3 : UARTCC26XX.oem3 (.text:UARTCC26XX_init)
                  000076e4    00000018                             : UART.oem3 (.text:UART_Params_init)
                  000076fc    00000018     rtsv7M3_T_le_eabi.lib : args_main.c.obj (.text:_args_main)
                  00007714    00000018     drivers_cc13xxware.aem3 : PowerCC26XX.oem3 (.text:configureRFCoreClocks)
                  0000772c    00000018     rtsv7M3_T_le_eabi.lib : ll_mul_t2.asm.obj (.text)
                  00007744    00000018                           : strcmp.c.obj (.text:strcmp)
                  0000775c    00000018     rf_singleMode_cc13xxware.aem3 : RFCC26XX_singleMode.oem3 (.text:swiFxnFsm)
                  00007774    00000018     adcBufContinuousSampling_pem3.oem3 (.text:ti_sysbios_BIOS_rtsUnlock__I)
                  0000778c    00000018     rom_sysbios.aem3 : rom_sysbios.obj (.text:ti_sysbios_knl_Swi_or__E)
                  000077a4    00000016     driverlib.lib : chipinfo.obj (.text:NOROM_ThisCodeIsBuiltForCC13xxHwRev20AndLater_HaltIfViolated)
                  000077ba    00000016     adcBufContinuousSampling_pem3.oem3 (.text:ti_sysbios_BIOS_exitFunc__I)
                  000077d0    00000016     rfPacketTx.obj (.text:ti_sysbios_knl_Task_Params_init)
                  000077e6    00000016     rom_sysbios.aem3 : rom_sysbios.obj (.text:xdc_runtime_System_vsprintf__E)
                  000077fc    00000014     drivers_cc13xxware.aem3 : ADCBufCC26XX.oem3 (.text:ADCBufCC26XX_freqToCounts)
                  00007810    00000014                             : ADCBuf.oem3 (.text:ADCBuf_Params_init)
                  00007824    00000014     driverlib.lib : aon_rtc.obj (.text:NOROM_AONRTCCurrent64BitValueGet)
                  00007838    00000014                   : aux_adc.obj (.text:NOROM_AUXADCValueToMicrovolts)
                  0000784c    00000014     drivers_cc13xxware.aem3 : PINCC26XX.oem3 (.text:PINCC26XX_getOutputValue)
                  00007860    00000014     rf_singleMode_cc13xxware.aem3 : RFCC26XX_singleMode.oem3 (.text:RF_Params_init)
                  00007874    00000014     rtsv7M3_T_le_eabi.lib : strlen.c.obj (.text:strlen)
                  00007888    00000014     adcBufContinuousSampling_pem3.oem3 (.text:ti_sysbios_knl_Clock_doTick__I)
                  0000789c    00000012     drivers_cc13xxware.aem3 : RingBuf.oem3 (.text:RingBuf_construct)
                  000078ae    00000012     adcBufContinuousSampling_pem3.oem3 (.text:xdc_runtime_Startup_exec__I)
                  000078c0    00000010     rf_singleMode_cc13xxware.aem3 : RFCC26XX_singleMode.oem3 (.text:FsmDispatch)
                  000078d0    00000010     driverlib.lib : aux_adc.obj (.text:NOROM_AUXADCFlushFifo)
                  000078e0    00000010                   : rfc.obj (.text:NOROM_RFCRfTrimSet)
                  000078f0    00000010                   : setup_rom.obj (.text:NOROM_SetupGetTrimForXoscHfFastStart)
                  00007900    00000010                   : setup_rom.obj (.text:NOROM_SetupGetTrimForXoscHfIbiastherm)
                  00007910    00000010     smartrf_settings.obj (.text:applyGenfskPatch)
                  00007920    00000010     rom_sysbios.aem3 : rom_sysbios.obj (.text:ti_sysbios_family_arm_m3_Hwi_post__E)
                  00007930    00000010     drivers_cc13xxware.aem3 : UARTCC26XX.oem3 (.text:uartPostNotify)
                  00007940    00000010     rom_sysbios.aem3 : rom_sysbios.obj (.text:xdc_runtime_SysMin_ready__E)
                  00007950    00000010                      : rom_sysbios.obj (.text:xdc_runtime_System_vsnprintf__E)
                  00007960    0000000e     drivers_cc13xxware.aem3 : ADCBuf.oem3 (.text:ADCBuf_convertAdjustedToMicroVolts)
                  0000796e    0000000e     driverlib.lib : vims.obj (.text:NOROM_VIMSModeGet)
                  0000797c    0000000e     rtsv7M3_T_le_eabi.lib : copy_decompress_none.c.obj (.text:decompress:none:__TI_decompress_none)
                  0000798a    0000000e     rom_sysbios.aem3 : rom_sysbios.obj (.text:ti_sysbios_family_arm_cc26xx_TimestampProvider_get32__E)
                  00007998    0000000e     rfPacketTx.obj (.text:uartWriteCallback)
                  000079a6    00000002     rom_sysbios.aem3 : rom_sysbios.obj (.text:xdc_runtime_SysCallback_defaultExit)
                  000079a8    0000000c     rf_singleMode_cc13xxware.aem3 : RFCC26XX_singleMode.oem3 (.text:FsmNextState)
                  000079b4    0000000c     drivers_cc13xxware.aem3 : GPTimerCC26XX.oem3 (.text:GPTimerCC26XX_Params_init)
                  000079c0    0000000c     driverlib.lib : cpu.obj (.text:NOROM_CPUcpsid)
                  000079cc    0000000c                   : cpu.obj (.text:NOROM_CPUcpsie)
                  000079d8    0000000c     drivers_cc13xxware.aem3 : PowerCC26XX.oem3 (.text:Power_getConstraintMask)
                  000079e4    0000000c                             : PowerCC26XX.oem3 (.text:Power_getDependencyCount)
                  000079f0    0000000c     rtsv7M3_T_le_eabi.lib : _lock.c.obj (.text:_register_lock)
                  000079fc    0000000c                           : _lock.c.obj (.text:_register_unlock)
                  00007a08    0000000c                           : copy_zero_init.c.obj (.text:decompress:ZI:__TI_zero_init)
                  00007a14    0000000c     rom_sysbios.aem3 : rom_sysbios.obj (.text:ti_sysbios_knl_Swi_getTrigger__E)
                  00007a20    0000000c                      : rom_sysbios.obj (.text:xdc_runtime_Startup_rtsDone__E)
                  00007a2c    0000000a     drivers_cc13xxware.aem3 : ADCBuf.oem3 (.text:ADCBuf_adjustRawValues)
                  00007a36    0000000a                             : ADCBuf.oem3 (.text:ADCBuf_convert)
                  00007a40    0000000a                             : ADCBuf.oem3 (.text:ADCBuf_convertCancel)
                  00007a4a    0000000a                             : List.oem3 (.text:List_empty)
                  00007a54    0000000a                             : UART.oem3 (.text:UART_read)
                  00007a5e    0000000a                             : UART.oem3 (.text:UART_write)
                  00007a68    0000000a                             : UDMACC26XX.oem3 (.text:UDMACC26XX_hwiIntFxn)
                  00007a72    00000008                             : ADCBufCC26XX.oem3 (.text:ADCBufCC26XX_conversionCallback)
                  00007a7a    00000008                             : ADCBufCC26XX.oem3 (.text:ADCBufCC26XX_init)
                  00007a82    00000008                             : GPTimerCC26XX.oem3 (.text:GPTimerCC26XX_setLoadValue)
                  00007a8a    00000008                             : UARTCC26XX.oem3 (.text:readSemCallback)
                  00007a92    00000008     smartrf_settings.obj (.text:rf_patch_cpe_genfsk)
                  00007a9a    00000008     drivers_cc13xxware.aem3 : UARTCC26XX.oem3 (.text:writeSemCallback)
                  00007aa2    00000008     adcBufContinuousSampling_pem3.oem3 (.text:xdc_runtime_Text_visitRope__I)
                  00007aaa    00000006     drivers_cc13xxware.aem3 : UARTCC26XX.oem3 (.text:UARTCC26XX_readPolling)
                  00007ab0    00000006                             : UARTCC26XX.oem3 (.text:UARTCC26XX_writePolling)
                  00007ab6    00000006     rf_singleMode_cc13xxware.aem3 : RFCC26XX_singleMode.oem3 (.text:clkInactivityFxn)
                  00007abc    00000006     rom_sysbios.aem3 : rom_sysbios.obj (.text:ti_sysbios_family_arm_m3_Hwi_setFunc__E)
                  00007ac2    00000004     drivers_cc13xxware.aem3 : ADCBufCC26XX.oem3 (.text:ADCBufCC26XX_getResolution)
                  00007ac6    00000004     tirtosport.aem3 : HwiP_tirtos.oem3 (.text:HwiP_disable)
                  00007aca    00000004     drivers_cc13xxware.aem3 : List.oem3 (.text:List_head)
                  00007ace    00000004                             : List.oem3 (.text:List_next)
                  00007ad2    00000004     rf_singleMode_cc13xxware.aem3 : RFCC26XX_singleMode.oem3 (.text:Q_peek)
                  00007ad6    00000004     drivers_cc13xxware.aem3 : PowerCC26XX.oem3 (.text:nopResourceHandler)
                  00007ada    00000004     rom_sysbios.aem3 : rom_sysbios.obj (.text:ti_sysbios_family_arm_cc26xx_Timer_getCount64__E)
                  00007ade    00000004     adcBufContinuousSampling_pem3.oem3 (.text:xdc_runtime_Startup_reset__I)
                  00007ae2    00000004     rom_sysbios.aem3 : rom_sysbios.obj (.text:xdc_runtime_System_printf_va__F)
                  00007ae6    00000004                      : rom_sysbios.obj (.text:xdc_runtime_System_sprintf_va__F)
                  00007aea    00000002     --HOLE-- [fill = 0]
                  00007aec    00000008     (.tramp.xdc_runtime_Startup_startMods__I.1)
                  00007af4    00000008     (.tramp.ti_sysbios_knl_Clock_logTick__E.1)
                  00007afc    00000008     (.tramp.ti_sysbios_knl_Task_Params__init__S.1)
                  00007b04    00000008     (.tramp.ti_sysbios_BIOS_RtsGateProxy_leave__E.1)
                  00007b0c    00000008     (.tramp.ti_sysbios_BIOS_RtsGateProxy_enter__E.1)
                  00007b14    00000008     (.tramp.ti_sysbios_knl_Task_startup__E.1)
                  00007b1c    00000008     (.tramp.ti_sysbios_knl_Swi_startup__E.1)
                  00007b24    00000008     (.tramp.ti_sysbios_hal_Hwi_startup__E.1)
                  00007b2c    00000008     (.tramp.ti_sysbios_family_arm_cc26xx_Timer_startup__E.1)
                  00007b34    00000008     (.tramp.xdc_runtime_System_atexit__E.1)
                  00007b3c    00000008     (.tramp.ti_sysbios_BIOS_setThreadType__E.1)
                  00007b44    00000008     (.tramp.xdc_runtime_Gate_leaveSystem__E.1)
                  00007b4c    00000008     (.tramp.xdc_runtime_Gate_enterSystem__E.1)
                  00007b54    00000008     (.tramp.xdc_runtime_System_exit__E.1)
                  00007b5c    00000008     (.tramp.ti_sysbios_knl_Clock_destruct.1)
                  00007b64    00000008     (.tramp.ti_sysbios_knl_Semaphore_destruct.1)
                  00007b6c    00000008     (.tramp.ti_sysbios_knl_Swi_destruct.1)
                  00007b74    00000008     (.tramp.ti_sysbios_family_arm_m3_Hwi_destruct.1)
                  00007b7c    00000008     (.tramp.ti_sysbios_knl_Semaphore_post__E.1)
                  00007b84    00000008     (.tramp.ti_sysbios_knl_Clock_scheduleNextTick__E.1)
                  00007b8c    00000008     (.tramp.ti_sysbios_knl_Clock_walkQueueDynamic__E.1)
                  00007b94    00000008     (.tramp.ti_sysbios_knl_Clock_TimerProxy_getCurrentTick__E.1)
                  00007b9c    00000008     (.tramp.ti_sysbios_family_arm_m3_Hwi_enableInterrupt__E.1)
                  00007ba4    00000008     (.tramp.ti_sysbios_BIOS_getCpuFreq__E.1)
                  00007bac    00000008     (.tramp.ti_sysbios_knl_Task_sleep__E.1)
                  00007bb4    00000008     (.tramp.ti_sysbios_knl_Swi_post__E.1)
                  00007bbc    00000008     (.tramp.ti_sysbios_knl_Semaphore_pend__E.1)
                  00007bc4    00000008     (.tramp.ti_sysbios_BIOS_start__E.1)
                  00007bcc    00000008     (.tramp.ti_sysbios_knl_Task_construct.1)
                  00007bd4    00000008     (.tramp.xdc_runtime_System_abort__E.1)
                  00007bdc    00000008     (.tramp.ti_sysbios_knl_Clock_construct.1)
                  00007be4    00000008     (.tramp.ti_sysbios_knl_Clock_Params__init__S.1)
                  00007bec    00000008     (.tramp.xdc_runtime_System_abortSpin__E.1)
                  00007bf4    00000008     (.tramp.ti_sysbios_knl_Swi_construct.1)
                  00007bfc    00000008     (.tramp.ti_sysbios_knl_Swi_Params__init__S.1)
                  00007c04    00000008     (.tramp.ti_sysbios_family_arm_m3_Hwi_construct.1)
                  00007c0c    00000008     (.tramp.ti_sysbios_family_arm_m3_Hwi_Params__init__S.1)
                  00007c14    00000008     (.tramp.ti_sysbios_knl_Semaphore_construct.1)
                  00007c1c    00000008     (.tramp.ti_sysbios_knl_Semaphore_Params__init__S.1)
                  00007c24    00000008     (.tramp.ti_sysbios_knl_Task_restore__E.1)
                  00007c2c    00000008     (.tramp.ti_sysbios_knl_Swi_restore__E.1)
                  00007c34    00000008     (.tramp.ti_sysbios_knl_Swi_disable__E.1)
                  00007c3c    00000008     (.tramp.ti_sysbios_knl_Task_disable__E.1)
                  00007c44    00000008     (.tramp.ti_sysbios_knl_Clock_start__E.1)
                  00007c4c    00000008     (.tramp.ti_sysbios_knl_Clock_setTimeout__E.1)
                  00007c54    00000008     (.tramp.ti_sysbios_family_arm_m3_Hwi_restoreFxn__E.1)
                  00007c5c    00000008     (.tramp.ti_sysbios_family_arm_m3_Hwi_disableFxn__E.1)

.cinit     0    00007c68    00000328     
                  00007c68    000001a9     (.cinit..data.load) [load image, compression = lzss]
                  00007e11    00000028     (.cinit..data:ti_sysbios_family_arm_m3_Hwi_Module__state__V.load) [load image, compression = lzss]
                  00007e39    00000021     (.cinit..data:ti_sysbios_knl_Task_Module__state__V.load) [load image, compression = lzss]
                  00007e5a    0000001f     (.cinit..data:ti_sysbios_BIOS_Module__state__V.load) [load image, compression = lzss]
                  00007e79    0000001d     (.cinit..data:ti_sysbios_knl_Clock_Module__state__V.load) [load image, compression = lzss]
                  00007e96    00000010     (.cinit..data:ti_sysbios_knl_Swi_Module__state__V.load) [load image, compression = lzss]
                  00007ea6    00000002     --HOLE-- [fill = 0]
                  00007ea8    0000000c     (__TI_handler_table)
                  00007eb4    0000000b     (.cinit..data:ti_sysbios_family_arm_cc26xx_Timer_Module__state__V.load) [load image, compression = lzss]
                  00007ebf    0000000b     (.cinit..data:xdc_runtime_System_Module__state__V.load) [load image, compression = lzss]
                  00007eca    00000006     --HOLE-- [fill = 0]
                  00007ed0    00000008     (.cinit..TI.bound:dmaADCAltControlTableEntry.load) [load image, compression = zero_init]
                  00007ed8    00000008     (.cinit..TI.bound:dmaADCPriControlTableEntry.load) [load image, compression = zero_init]
                  00007ee0    00000008     (.cinit..TI.bound:dmaGPT0AAltControlTableEntry.load) [load image, compression = zero_init]
                  00007ee8    00000008     (.cinit..TI.bound:dmaGPT0APriControlTableEntry.load) [load image, compression = zero_init]
                  00007ef0    00000008     (.cinit..bss.load) [load image, compression = zero_init]
                  00007ef8    00000008     (.cinit..data:xdc_runtime_Memory_Module__state__V.load) [load image, compression = lzss]
                  00007f00    00000007     (.cinit..data:ti_sysbios_family_arm_cc26xx_TimestampProvider_Module__state__V.load) [load image, compression = lzss]
                  00007f07    00000007     (.cinit..data:xdc_runtime_Startup_Module__state__V.load) [load image, compression = lzss]
                  00007f0e    00000002     --HOLE-- [fill = 0]
                  00007f10    00000080     (__TI_cinit_table)

.init_array 
*          0    00000000    00000000     UNINITIALIZED

.ccfg      0    0001ffa8    00000058     
                  0001ffa8    00000058     ccfg.obj (.ccfg:retain)

.const:ti_sysbios_knl_Task_Object__PARAMS__C 
*          0    00001000    0000003c     
                  00001000    0000003c     adcBufContinuousSampling_pem3.oem3 (.const:ti_sysbios_knl_Task_Object__PARAMS__C)

.const:ti_sysbios_knl_Mailbox_Object__PARAMS__C 
*          0    0000103c    00000034     
                  0000103c    00000034     adcBufContinuousSampling_pem3.oem3 (.const:ti_sysbios_knl_Mailbox_Object__PARAMS__C)

.const:ti_sysbios_family_arm_m3_Hwi_Object__PARAMS__C 
*          0    00001070    00000030     
                  00001070    00000030     adcBufContinuousSampling_pem3.oem3 (.const:ti_sysbios_family_arm_m3_Hwi_Object__PARAMS__C)

.const:ti_sysbios_hal_Hwi_Object__PARAMS__C 
*          0    000010a0    0000002c     
                  000010a0    0000002c     adcBufContinuousSampling_pem3.oem3 (.const:ti_sysbios_hal_Hwi_Object__PARAMS__C)

.const:ti_sysbios_heaps_HeapMem_Module__FXNS__C 
*          0    000010cc    00000028     
                  000010cc    00000028     adcBufContinuousSampling_pem3.oem3 (.const:ti_sysbios_heaps_HeapMem_Module__FXNS__C)

.const:ti_sysbios_knl_Swi_Object__PARAMS__C 
*          0    000010f4    00000028     
                  000010f4    00000028     adcBufContinuousSampling_pem3.oem3 (.const:ti_sysbios_knl_Swi_Object__PARAMS__C)

.const:ti_sysbios_gates_GateHwi_Module__FXNS__C 
*          0    0000111c    00000024     
                  0000111c    00000024     adcBufContinuousSampling_pem3.oem3 (.const:ti_sysbios_gates_GateHwi_Module__FXNS__C)

.const:ti_sysbios_gates_GateMutex_Module__FXNS__C 
*          0    00001140    00000024     
                  00001140    00000024     adcBufContinuousSampling_pem3.oem3 (.const:ti_sysbios_gates_GateMutex_Module__FXNS__C)

.const:ti_sysbios_heaps_HeapMem_Object__PARAMS__C 
*          0    00001164    00000024     
                  00001164    00000024     adcBufContinuousSampling_pem3.oem3 (.const:ti_sysbios_heaps_HeapMem_Object__PARAMS__C)

.const:ti_sysbios_knl_Clock_Object__PARAMS__C 
*          0    00001188    00000024     
                  00001188    00000024     adcBufContinuousSampling_pem3.oem3 (.const:ti_sysbios_knl_Clock_Object__PARAMS__C)

.const:ti_sysbios_knl_Semaphore_Object__PARAMS__C 
*          0    000011ac    00000024     
                  000011ac    00000024     adcBufContinuousSampling_pem3.oem3 (.const:ti_sysbios_knl_Semaphore_Object__PARAMS__C)

.const:ti_sysbios_family_arm_m3_Hwi_Object__DESC__C 
*          0    000011d0    00000020     
                  000011d0    00000020     adcBufContinuousSampling_pem3.oem3 (.const:ti_sysbios_family_arm_m3_Hwi_Object__DESC__C)

.const:ti_sysbios_gates_GateHwi_Object__DESC__C 
*          0    000011f0    00000020     
                  000011f0    00000020     adcBufContinuousSampling_pem3.oem3 (.const:ti_sysbios_gates_GateHwi_Object__DESC__C)

.const:ti_sysbios_gates_GateMutex_Object__DESC__C 
*          0    00001210    00000020     
                  00001210    00000020     adcBufContinuousSampling_pem3.oem3 (.const:ti_sysbios_gates_GateMutex_Object__DESC__C)

.const:ti_sysbios_hal_Hwi_Object__DESC__C 
*          0    00001230    00000020     
                  00001230    00000020     adcBufContinuousSampling_pem3.oem3 (.const:ti_sysbios_hal_Hwi_Object__DESC__C)

.const:ti_sysbios_heaps_HeapMem_Object__DESC__C 
*          0    00001250    00000020     
                  00001250    00000020     adcBufContinuousSampling_pem3.oem3 (.const:ti_sysbios_heaps_HeapMem_Object__DESC__C)

.const:ti_sysbios_knl_Clock_Object__DESC__C 
*          0    00001270    00000020     
                  00001270    00000020     adcBufContinuousSampling_pem3.oem3 (.const:ti_sysbios_knl_Clock_Object__DESC__C)

.const:ti_sysbios_knl_Mailbox_Object__DESC__C 
*          0    00001290    00000020     
                  00001290    00000020     adcBufContinuousSampling_pem3.oem3 (.const:ti_sysbios_knl_Mailbox_Object__DESC__C)

.const:ti_sysbios_knl_Queue_Object__DESC__C 
*          0    000012b0    00000020     
                  000012b0    00000020     adcBufContinuousSampling_pem3.oem3 (.const:ti_sysbios_knl_Queue_Object__DESC__C)

.const:ti_sysbios_knl_Semaphore_Object__DESC__C 
*          0    000012d0    00000020     
                  000012d0    00000020     adcBufContinuousSampling_pem3.oem3 (.const:ti_sysbios_knl_Semaphore_Object__DESC__C)

.const:ti_sysbios_knl_Swi_Object__DESC__C 
*          0    000012f0    00000020     
                  000012f0    00000020     adcBufContinuousSampling_pem3.oem3 (.const:ti_sysbios_knl_Swi_Object__DESC__C)

.const:ti_sysbios_knl_Task_Object__DESC__C 
*          0    00001310    00000020     
                  00001310    00000020     adcBufContinuousSampling_pem3.oem3 (.const:ti_sysbios_knl_Task_Object__DESC__C)

.const:ti_sysbios_gates_GateHwi_Object__PARAMS__C 
*          0    00001330    00000018     
                  00001330    00000018     adcBufContinuousSampling_pem3.oem3 (.const:ti_sysbios_gates_GateHwi_Object__PARAMS__C)

.const:ti_sysbios_gates_GateMutex_Object__PARAMS__C 
*          0    00001348    00000018     
                  00001348    00000018     adcBufContinuousSampling_pem3.oem3 (.const:ti_sysbios_gates_GateMutex_Object__PARAMS__C)

.const:ti_sysbios_knl_Queue_Object__PARAMS__C 
*          0    00001360    00000018     
                  00001360    00000018     adcBufContinuousSampling_pem3.oem3 (.const:ti_sysbios_knl_Queue_Object__PARAMS__C)

.const:ti_sysbios_knl_Idle_funcList__C 
*          0    00001378    00000008     
                  00001378    00000008     adcBufContinuousSampling_pem3.oem3 (.const:ti_sysbios_knl_Idle_funcList__C)

.const:ti_sysbios_family_arm_cc26xx_Timer_startupNeeded__C 
*          0    00001384    00000004     
                  00001384    00000004     adcBufContinuousSampling_pem3.oem3 (.const:ti_sysbios_family_arm_cc26xx_Timer_startupNeeded__C)

.const:ti_sysbios_family_arm_m3_Hwi_E_alreadyDefined__C 
*          0    00001388    00000004     
                  00001388    00000004     adcBufContinuousSampling_pem3.oem3 (.const:ti_sysbios_family_arm_m3_Hwi_E_alreadyDefined__C)

.const:ti_sysbios_family_arm_m3_Hwi_E_hwiLimitExceeded__C 
*          0    0000138c    00000004     
                  0000138c    00000004     adcBufContinuousSampling_pem3.oem3 (.const:ti_sysbios_family_arm_m3_Hwi_E_hwiLimitExceeded__C)

.const:ti_sysbios_family_arm_m3_Hwi_NUM_INTERRUPTS__C 
*          0    00001390    00000004     
                  00001390    00000004     adcBufContinuousSampling_pem3.oem3 (.const:ti_sysbios_family_arm_m3_Hwi_NUM_INTERRUPTS__C)

.const:ti_sysbios_family_arm_m3_Hwi_Object__count__C 
*          0    00001394    00000004     
                  00001394    00000004     adcBufContinuousSampling_pem3.oem3 (.const:ti_sysbios_family_arm_m3_Hwi_Object__count__C)

.const:ti_sysbios_family_arm_m3_Hwi_Object__table__C 
*          0    00001398    00000004     
                  00001398    00000004     adcBufContinuousSampling_pem3.oem3 (.const:ti_sysbios_family_arm_m3_Hwi_Object__table__C)

.const:ti_sysbios_family_arm_m3_Hwi_ccr__C 
*          0    0000139c    00000004     
                  0000139c    00000004     adcBufContinuousSampling_pem3.oem3 (.const:ti_sysbios_family_arm_m3_Hwi_ccr__C)

.const:ti_sysbios_family_arm_m3_Hwi_excHandlerFunc__C 
*          0    000013a0    00000004     
                  000013a0    00000004     adcBufContinuousSampling_pem3.oem3 (.const:ti_sysbios_family_arm_m3_Hwi_excHandlerFunc__C)

.const:ti_sysbios_family_arm_m3_Hwi_nullIsrFunc__C 
*          0    000013a4    00000004     
                  000013a4    00000004     adcBufContinuousSampling_pem3.oem3 (.const:ti_sysbios_family_arm_m3_Hwi_nullIsrFunc__C)

.const:ti_sysbios_family_arm_m3_Hwi_numSparseInterrupts__C 
*          0    000013a8    00000004     
                  000013a8    00000004     adcBufContinuousSampling_pem3.oem3 (.const:ti_sysbios_family_arm_m3_Hwi_numSparseInterrupts__C)

.const:ti_sysbios_family_arm_m3_Hwi_priGroup__C 
*          0    000013ac    00000004     
                  000013ac    00000004     adcBufContinuousSampling_pem3.oem3 (.const:ti_sysbios_family_arm_m3_Hwi_priGroup__C)

.const:ti_sysbios_family_arm_m3_TaskSupport_stackAlignment__C 
*          0    000013b0    00000004     
                  000013b0    00000004     adcBufContinuousSampling_pem3.oem3 (.const:ti_sysbios_family_arm_m3_TaskSupport_stackAlignment__C)

.const:ti_sysbios_heaps_HeapMem_E_memory__C 
*          0    000013b4    00000004     
                  000013b4    00000004     adcBufContinuousSampling_pem3.oem3 (.const:ti_sysbios_heaps_HeapMem_E_memory__C)

.const:ti_sysbios_heaps_HeapMem_Module__gateObj__C 
*          0    000013b8    00000004     
                  000013b8    00000004     adcBufContinuousSampling_pem3.oem3 (.const:ti_sysbios_heaps_HeapMem_Module__gateObj__C)

.const:ti_sysbios_heaps_HeapMem_Object__count__C 
*          0    000013bc    00000004     
                  000013bc    00000004     adcBufContinuousSampling_pem3.oem3 (.const:ti_sysbios_heaps_HeapMem_Object__count__C)

.const:ti_sysbios_heaps_HeapMem_Object__table__C 
*          0    000013c0    00000004     
                  000013c0    00000004     adcBufContinuousSampling_pem3.oem3 (.const:ti_sysbios_heaps_HeapMem_Object__table__C)

.const:ti_sysbios_heaps_HeapMem_reqAlign__C 
*          0    000013c4    00000004     
                  000013c4    00000004     adcBufContinuousSampling_pem3.oem3 (.const:ti_sysbios_heaps_HeapMem_reqAlign__C)

.const:ti_sysbios_knl_Clock_serviceMargin__C 
*          0    000013c8    00000004     
                  000013c8    00000004     adcBufContinuousSampling_pem3.oem3 (.const:ti_sysbios_knl_Clock_serviceMargin__C)

.const:ti_sysbios_knl_Mailbox_Object__count__C 
*          0    000013cc    00000004     
                  000013cc    00000004     adcBufContinuousSampling_pem3.oem3 (.const:ti_sysbios_knl_Mailbox_Object__count__C)

.const:ti_sysbios_knl_Mailbox_Object__table__C 
*          0    000013d0    00000004     
                  000013d0    00000004     adcBufContinuousSampling_pem3.oem3 (.const:ti_sysbios_knl_Mailbox_Object__table__C)

.const:ti_sysbios_knl_Mailbox_maxTypeAlign__C 
*          0    000013d4    00000004     
                  000013d4    00000004     adcBufContinuousSampling_pem3.oem3 (.const:ti_sysbios_knl_Mailbox_maxTypeAlign__C)

.const:ti_sysbios_knl_Queue_Object__count__C 
*          0    000013d8    00000004     
                  000013d8    00000004     adcBufContinuousSampling_pem3.oem3 (.const:ti_sysbios_knl_Queue_Object__count__C)

.const:ti_sysbios_knl_Queue_Object__table__C 
*          0    000013dc    00000004     
                  000013dc    00000004     adcBufContinuousSampling_pem3.oem3 (.const:ti_sysbios_knl_Queue_Object__table__C)

.const:ti_sysbios_knl_Swi_Object__count__C 
*          0    000013e0    00000004     
                  000013e0    00000004     adcBufContinuousSampling_pem3.oem3 (.const:ti_sysbios_knl_Swi_Object__count__C)

.const:ti_sysbios_knl_Swi_Object__table__C 
*          0    000013e4    00000004     
                  000013e4    00000004     adcBufContinuousSampling_pem3.oem3 (.const:ti_sysbios_knl_Swi_Object__table__C)

.const:ti_sysbios_knl_Swi_numPriorities__C 
*          0    000013e8    00000004     
                  000013e8    00000004     adcBufContinuousSampling_pem3.oem3 (.const:ti_sysbios_knl_Swi_numPriorities__C)

.const:ti_sysbios_knl_Task_Object__count__C 
*          0    000013ec    00000004     
                  000013ec    00000004     adcBufContinuousSampling_pem3.oem3 (.const:ti_sysbios_knl_Task_Object__count__C)

.const:ti_sysbios_knl_Task_Object__table__C 
*          0    000013f0    00000004     
                  000013f0    00000004     adcBufContinuousSampling_pem3.oem3 (.const:ti_sysbios_knl_Task_Object__table__C)

.const:ti_sysbios_knl_Task_allBlockedFunc__C 
*          0    000013f4    00000004     
                  000013f4    00000004     adcBufContinuousSampling_pem3.oem3 (.const:ti_sysbios_knl_Task_allBlockedFunc__C)

.const:ti_sysbios_knl_Task_defaultStackHeap__C 
*          0    000013f8    00000004     
                  000013f8    00000004     adcBufContinuousSampling_pem3.oem3 (.const:ti_sysbios_knl_Task_defaultStackHeap__C)

.const:ti_sysbios_knl_Task_defaultStackSize__C 
*          0    000013fc    00000004     
                  000013fc    00000004     adcBufContinuousSampling_pem3.oem3 (.const:ti_sysbios_knl_Task_defaultStackSize__C)

.const:ti_sysbios_knl_Task_numConstructedTasks__C 
*          0    00001400    00000004     
                  00001400    00000004     adcBufContinuousSampling_pem3.oem3 (.const:ti_sysbios_knl_Task_numConstructedTasks__C)

.const:ti_sysbios_family_arm_cc26xx_Timer_Module__id__C 
*          0    00001406    00000002     
                  00001406    00000002     adcBufContinuousSampling_pem3.oem3 (.const:ti_sysbios_family_arm_cc26xx_Timer_Module__id__C)

.const:ti_sysbios_family_arm_cc26xx_TimestampProvider_useClockTimer__C 
*          0    00001408    00000002     
                  00001408    00000002     adcBufContinuousSampling_pem3.oem3 (.const:ti_sysbios_family_arm_cc26xx_TimestampProvider_useClockTimer__C)

.const:ti_sysbios_family_arm_m3_Hwi_Module__id__C 
*          0    0000140a    00000002     
                  0000140a    00000002     adcBufContinuousSampling_pem3.oem3 (.const:ti_sysbios_family_arm_m3_Hwi_Module__id__C)

.const:ti_sysbios_gates_GateHwi_Module__id__C 
*          0    0000140c    00000002     
                  0000140c    00000002     adcBufContinuousSampling_pem3.oem3 (.const:ti_sysbios_gates_GateHwi_Module__id__C)

.const:ti_sysbios_gates_GateMutex_Module__id__C 
*          0    0000140e    00000002     
                  0000140e    00000002     adcBufContinuousSampling_pem3.oem3 (.const:ti_sysbios_gates_GateMutex_Module__id__C)

.const:ti_sysbios_heaps_HeapMem_Module__id__C 
*          0    00001410    00000002     
                  00001410    00000002     adcBufContinuousSampling_pem3.oem3 (.const:ti_sysbios_heaps_HeapMem_Module__id__C)

.const:ti_sysbios_knl_Task_initStackFlag__C 
*          0    00001412    00000002     
                  00001412    00000002     adcBufContinuousSampling_pem3.oem3 (.const:ti_sysbios_knl_Task_initStackFlag__C)

.const:ti_sysbios_knl_Clock_tickMode__C 
*          0    00001414    00000001     
                  00001414    00000001     adcBufContinuousSampling_pem3.oem3 (.const:ti_sysbios_knl_Clock_tickMode__C)

.const:xdc_runtime_Startup_firstFxns__C 
*          0    00001418    00000008     
                  00001418    00000008     adcBufContinuousSampling_pem3.oem3 (.const:xdc_runtime_Startup_firstFxns__C)

.const:xdc_runtime_Startup_lastFxns__C 
*          0    00001420    00000008     
                  00001420    00000008     adcBufContinuousSampling_pem3.oem3 (.const:xdc_runtime_Startup_lastFxns__C)

.const:xdc_runtime_Assert_E_assertFailed__C 
*          0    00001428    00000004     
                  00001428    00000004     adcBufContinuousSampling_pem3.oem3 (.const:xdc_runtime_Assert_E_assertFailed__C)

.const:xdc_runtime_Error_E_memory__C 
*          0    0000142c    00000004     
                  0000142c    00000004     adcBufContinuousSampling_pem3.oem3 (.const:xdc_runtime_Error_E_memory__C)

.const:xdc_runtime_Error_policyFxn__C 
*          0    00001430    00000004     
                  00001430    00000004     adcBufContinuousSampling_pem3.oem3 (.const:xdc_runtime_Error_policyFxn__C)

.const:xdc_runtime_IGateProvider_Interface__BASE__C 
*          0    00001434    00000004     
                  00001434    00000004     adcBufContinuousSampling_pem3.oem3 (.const:xdc_runtime_IGateProvider_Interface__BASE__C)

.const:xdc_runtime_IHeap_Interface__BASE__C 
*          0    00001438    00000004     
                  00001438    00000004     adcBufContinuousSampling_pem3.oem3 (.const:xdc_runtime_IHeap_Interface__BASE__C)

.const:xdc_runtime_IModule_Interface__BASE__C 
*          0    0000143c    00000004     
                  0000143c    00000004     adcBufContinuousSampling_pem3.oem3 (.const:xdc_runtime_IModule_Interface__BASE__C)

.const:xdc_runtime_Main_Module__diagsEnabled__C 
*          0    00001440    00000004     
                  00001440    00000004     adcBufContinuousSampling_pem3.oem3 (.const:xdc_runtime_Main_Module__diagsEnabled__C)

.const:xdc_runtime_Main_Module__diagsIncluded__C 
*          0    00001444    00000004     
                  00001444    00000004     adcBufContinuousSampling_pem3.oem3 (.const:xdc_runtime_Main_Module__diagsIncluded__C)

.const:xdc_runtime_Main_Module__diagsMask__C 
*          0    00001448    00000004     
                  00001448    00000004     adcBufContinuousSampling_pem3.oem3 (.const:xdc_runtime_Main_Module__diagsMask__C)

.const:xdc_runtime_Memory_defaultHeapInstance__C 
*          0    0000144c    00000004     
                  0000144c    00000004     adcBufContinuousSampling_pem3.oem3 (.const:xdc_runtime_Memory_defaultHeapInstance__C)

.const:xdc_runtime_Startup_execImpl__C 
*          0    00001450    00000004     
                  00001450    00000004     adcBufContinuousSampling_pem3.oem3 (.const:xdc_runtime_Startup_execImpl__C)

.const:xdc_runtime_Startup_maxPasses__C 
*          0    00001454    00000004     
                  00001454    00000004     adcBufContinuousSampling_pem3.oem3 (.const:xdc_runtime_Startup_maxPasses__C)

.const:xdc_runtime_Startup_sfxnRts__C 
*          0    00001458    00000004     
                  00001458    00000004     adcBufContinuousSampling_pem3.oem3 (.const:xdc_runtime_Startup_sfxnRts__C)

.const:xdc_runtime_Startup_sfxnTab__C 
*          0    0000145c    00000004     
                  0000145c    00000004     adcBufContinuousSampling_pem3.oem3 (.const:xdc_runtime_Startup_sfxnTab__C)

.const:xdc_runtime_Startup_startModsFxn__C 
*          0    00001460    00000004     
                  00001460    00000004     adcBufContinuousSampling_pem3.oem3 (.const:xdc_runtime_Startup_startModsFxn__C)

.const:xdc_runtime_SysCallback_abortFxn__C 
*          0    00001464    00000004     
                  00001464    00000004     adcBufContinuousSampling_pem3.oem3 (.const:xdc_runtime_SysCallback_abortFxn__C)

[...]
1001c139  ti_sysbios_hal_Hwi_HwiProxy_Params__init__S__mangled__                    
1001c145  ti_sysbios_family_arm_m3_Hwi_disableFxn__E                                
1001c151  ti_sysbios_family_arm_m3_Hwi_enableFxn__E                                 
1001c15d  ti_sysbios_family_arm_m3_TaskSupport_getStackAlignment__E                 
1001c15d  ti_sysbios_knl_Task_SupportProxy_getStackAlignment__E__mangled__          
1001c169  ti_sysbios_gates_GateHwi_enter__E                                         
1001c175  ti_sysbios_BIOS_RtsGateProxy_Params__init__S                              
1001c175  ti_sysbios_BIOS_RtsGateProxy_Params__init__S__mangled__                   
1001c175  ti_sysbios_gates_GateMutex_Params__init__S                                
1001c175  ti_sysbios_heaps_HeapMem_Module_GateProxy_Params__init__S                 
1001c175  ti_sysbios_heaps_HeapMem_Module_GateProxy_Params__init__S__mangled__      
1001c181  ti_sysbios_knl_Clock_Params__init__S                                      
1001c18d  ti_sysbios_knl_Clock_getTimerHandle__E                                    
1001c199  ti_sysbios_knl_Mailbox_Params__init__S                                    
1001c1a5  ti_sysbios_knl_Queue_dequeue__E                                           
1001c1b1  ti_sysbios_knl_Queue_enqueue__E                                           
1001c1bd  ti_sysbios_knl_Semaphore_Params__init__S                                  
1001c1c9  ti_sysbios_knl_Swi_Params__init__S                                        
1001c1d5  ti_sysbios_knl_Task_Params__init__S                                       
1001c1e1  ti_sysbios_knl_Task_self__E                                               
1001c1ed  ti_sysbios_hal_Hwi_Instance_finalize__E                                   
1001c1f7  ti_sysbios_family_arm_m3_Hwi_doSwiRestore__I                              
1001c1ff  ti_sysbios_family_arm_m3_Hwi_startup__E                                   
1001c1ff  ti_sysbios_hal_Hwi_HwiProxy_startup__E__mangled__                         
1001c207  ti_sysbios_knl_Idle_loop__E                                               
1001c20f  ti_sysbios_family_arm_m3_Hwi_doTaskRestore__I                             
1001c215  HwiP_restore                                                              
1001c215  ti_sysbios_family_arm_m3_Hwi_restoreFxn__E                                
1001c21b  ti_sysbios_gates_GateHwi_leave__E                                         
1001c227  ti_sysbios_knl_Queue_Instance_init__E                                     
1001c22d  ti_sysbios_knl_Queue_elemClear__E                                         
1001c233  ti_sysbios_knl_Swi_Module_startup__E                                      
1001c239  ti_sysbios_knl_Swi_startup__E                                             
1001c23f  ti_sysbios_knl_Task_enable__E                                             
1001c245  ti_sysbios_BIOS_RtsGateProxy_enter__E                                     
1001c249  ti_sysbios_BIOS_RtsGateProxy_leave__E                                     
1001c24d  ti_sysbios_family_arm_cc26xx_Timer_getExpiredTicks__E                     
1001c251  ti_sysbios_family_arm_cc26xx_Timer_getPeriod__E                           
1001c255  ti_sysbios_family_arm_cc26xx_Timer_setPeriod__E                           
1001c259  ti_sysbios_family_arm_m3_Hwi_delete                                       
1001c25d  ti_sysbios_family_arm_m3_Hwi_destruct                                     
1001c261  ti_sysbios_family_arm_m3_TaskSupport_Module__startupDone__S               
1001c261  ti_sysbios_knl_Task_SupportProxy_Module__startupDone__S__mangled__        
1001c265  ti_sysbios_gates_GateHwi_query__E                                         
1001c265  xdc_runtime_Main_Module_GateProxy_query__E                                
1001c265  xdc_runtime_System_Module_GateProxy_query__E                              
1001c265  xdc_runtime_System_Module_GateProxy_query__E__mangled__                   
1001c269  ti_sysbios_gates_GateMutex_delete                                         
1001c26d  ti_sysbios_gates_GateMutex_destruct                                       
1001c271  ti_sysbios_BIOS_RtsGateProxy_query__E                                     
1001c271  ti_sysbios_BIOS_RtsGateProxy_query__E__mangled__                          
1001c271  ti_sysbios_gates_GateMutex_query__E                                       
1001c271  ti_sysbios_heaps_HeapMem_Module_GateProxy_query__E                        
1001c271  ti_sysbios_heaps_HeapMem_Module_GateProxy_query__E__mangled__             
1001c275  ti_sysbios_hal_Hwi_HwiProxy_Module__startupDone__S                        
1001c279  ti_sysbios_hal_Hwi_HwiProxy_delete                                        
1001c27d  ti_sysbios_hal_Hwi_HwiProxy_disableInterrupt__E                           
1001c27d  ti_sysbios_hal_Hwi_disableInterrupt__E                                    
1001c27d  ti_sysbios_hal_Hwi_disableInterrupt__E                                    
1001c281  ti_sysbios_hal_Hwi_HwiProxy_enableInterrupt__E                            
1001c281  ti_sysbios_hal_Hwi_enableInterrupt__E                                     
1001c281  ti_sysbios_hal_Hwi_enableInterrupt__E                                     
1001c285  ti_sysbios_hal_Hwi_HwiProxy_getStackInfo__E                               
1001c285  ti_sysbios_hal_Hwi_getStackInfo__E                                        
1001c285  ti_sysbios_hal_Hwi_getStackInfo__E                                        
1001c289  ti_sysbios_hal_Hwi_HwiProxy_startup__E                                    
1001c289  ti_sysbios_hal_Hwi_startup__E                                             
1001c289  ti_sysbios_hal_Hwi_startup__E                                             
1001c28d  ti_sysbios_hal_Hwi_HwiProxy_switchFromBootStack__E                        
1001c291  ti_sysbios_hal_Hwi_delete                                                 
1001c295  ti_sysbios_hal_Hwi_switchFromBootStack__E                                 
1001c295  ti_sysbios_hal_Hwi_switchFromBootStack__E                                 
1001c299  ti_sysbios_heaps_HeapMem_Module_GateProxy_enter__E                        
1001c29d  ti_sysbios_heaps_HeapMem_Module_GateProxy_leave__E                        
1001c2a1  ti_sysbios_heaps_HeapMem_isBlocking__E                                    
1001c2a5  ti_sysbios_knl_Clock_TimerProxy_Module__startupDone__S                    
1001c2a9  ti_sysbios_knl_Clock_TimerProxy_getExpiredTicks__E                        
1001c2ad  ti_sysbios_knl_Clock_TimerProxy_getPeriod__E                              
1001c2b1  ti_sysbios_knl_Clock_delete                                               
1001c2b5  ti_sysbios_knl_Clock_destruct                                             
1001c2b9  ti_sysbios_knl_Clock_removeI__E                                           
1001c2bd  ti_sysbios_knl_Clock_setTimeout__E                                        
1001c2c1  ti_sysbios_knl_Mailbox_delete                                             
1001c2c5  ti_sysbios_knl_Mailbox_destruct                                           
1001c2c9  ti_sysbios_knl_Queue_delete                                               
1001c2cd  ti_sysbios_knl_Queue_destruct                                             
1001c2d1  ti_sysbios_knl_Queue_head__E                                              
1001c2d5  ti_sysbios_knl_Queue_next__E                                              
1001c2d9  ti_sysbios_knl_Semaphore_delete                                           
1001c2dd  ti_sysbios_knl_Semaphore_destruct                                         
1001c2e1  ti_sysbios_knl_Swi_delete                                                 
1001c2e5  ti_sysbios_knl_Swi_destruct                                               
1001c2e9  ti_sysbios_knl_Swi_postInit__I                                            
1001c2ed  ti_sysbios_knl_Task_SupportProxy_Module__startupDone__S                   
1001c2f1  ti_sysbios_knl_Task_SupportProxy_getStackAlignment__E                     
1001c2f5  ti_sysbios_knl_Task_SupportProxy_start__E                                 
1001c2f9  ti_sysbios_knl_Task_SupportProxy_swap__E                                  
1001c2fd  ti_sysbios_knl_Task_delete                                                
1001c301  ti_sysbios_knl_Task_destruct                                              
1001c305  ti_sysbios_knl_Task_startup__E                                            
1001c309  xdc_runtime_Startup_startMods__I                                          
1001c401  xdc_runtime_Core_createObject__I                                          
1001c483  xdc_runtime_Error_policySpin__E                                           
1001c485  xdc_runtime_Memory_alloc__E                                               
1001c4f5  xdc_runtime_Core_deleteObject__I                                          
1001c555  xdc_runtime_Startup_exec__E                                               
1001c5a5  xdc_runtime_Assert_raise__I                                               
1001c5ed  xdc_runtime_Core_assignParams__I                                          
1001c635  xdc_runtime_Core_constructObject__I                                       
1001c67d  xdc_runtime_System_atexit__E                                              
1001c6b5  xdc_runtime_System_processAtExit__E                                       
1001c6e9  xdc_runtime_Core_assignLabel__I                                           
1001c719  xdc_runtime_Text_cordText__E                                              
1001c745  xdc_runtime_System_abort__E                                               
1001c765  xdc_runtime_Error_raiseX__E                                               
1001c781  xdc_runtime_Memory_valloc__E                                              
1001c79d  xdc_runtime_Core_destructObject__I                                        
1001c7b5  xdc_runtime_Error_check__E                                                
1001c7cd  xdc_runtime_System_exit__E                                                
1001c7e5  xdc_runtime_Text_ropeText__E                                              
1001c7fd  xdc_runtime_Memory_free__E                                                
1001c80d  xdc_runtime_SysCallback_abort__E                                          
1001c81d  xdc_runtime_SysCallback_exit__E                                           
1001c82d  xdc_runtime_Timestamp_SupportProxy_get32__E                               
1001c82d  xdc_runtime_Timestamp_get32__E                                            
1001c82d  xdc_runtime_Timestamp_get32__E                                            
1001c83d  xdc_runtime_Error_init__E                                                 
1001c849  xdc_runtime_Memory_calloc__E                                              
1001c855  xdc_runtime_Memory_getMaxDefaultTypeAlign__E                              
1001c875  xdc_runtime_Gate_leaveSystem__E                                           
1001c87b  xdc_runtime_System_Module_startup__E                                      
1001c881  xdc_runtime_Gate_enterSystem__E                                           
1001c885  xdc_runtime_Memory_HeapProxy_alloc__E                                     
1001c889  xdc_runtime_Memory_HeapProxy_free__E                                      
1001c88d  xdc_runtime_System_Module_GateProxy_enter__E                              
1001c891  xdc_runtime_System_Module_GateProxy_leave__E                              
1001c895  xdc_runtime_System_abortSpin__E                                           
1001c897  xdc_runtime_System_exitSpin__E                                            
1001c899  ti_sysbios_family_arm_m3_Hwi_dispatch__I                                  
1001c969  ti_sysbios_family_arm_m3_TaskSupport_buildTaskStack                       
1001c9b5  ti_sysbios_family_arm_m3_Hwi_initStacks__E                                
1001c9fd  ti_sysbios_family_arm_m3_Hwi_excHandlerAsm__I                             
1001ca1d  ti_sysbios_family_xxx_Hwi_switchAndRunFunc                                
1001ca3b  ti_sysbios_family_arm_m3_Hwi_pendSV__I                                    
1001ca53  ti_sysbios_family_arm_m3_Hwi_return                                       
1001ca55  ti_sysbios_family_arm_m3_TaskSupport_glue                                 
1001ca65  ti_sysbios_family_arm_m3_TaskSupport_swap__E                              
1001ca65  ti_sysbios_knl_Task_SupportProxy_swap__E__mangled__                       
1001ca6d  ti_sysbios_knl_Task_swapReturn                                            
1001ca97  ti_sysbios_rom_cortexm_cc13xx_CC13xx_getRevision__E                       
20000000  ti_sysbios_family_arm_m3_Hwi_ramVectors                                   
20000100  ti_sysbios_knl_Task_Module__state__V                                      
20000144  ti_sysbios_family_arm_m3_Hwi_Module__state__V                             
20000178  ti_sysbios_knl_Clock_Module__state__V                                     
200001a4  ti_sysbios_BIOS_Module__state__V                                          
200001c8  ti_sysbios_knl_Swi_Module__state__V                                       
200001e4  ti_sysbios_family_arm_cc26xx_Timer_Module__state__V                       
200001ec  ti_sysbios_family_arm_cc26xx_TimestampProvider_Module__state__V           
200001f0  xdc_runtime_Startup_Module__state__V                                      
200001f8  xdc_runtime_System_Module__state__V                                       
20000200  xdc_runtime_Memory_Module__state__V                                       
20000aa0  ti_sysbios_heaps_HeapMem_Instance_State_0_buf__A                          
20000ea0  task0Stack                                                                
200011a0  ti_sysbios_knl_Task_Instance_State_0_stack__A                             
200013a0  uartCC26XXObjects                                                         
200014cc  __CIOBUF_                                                                 
200015ec  gptimerCC26XXObjects                                                      
2000170c  PIN_NumPins                                                               
20001810  ti_sysbios_family_arm_m3_Hwi_dispatchTable                                
20001998  adcBufCC26XXobjects                                                       
20001a3c  xdc_runtime_SysMin_Module_State_0_outbuf__A                               
20001abc  PIN_HandleTable                                                           
20001b38  task0Struct                                                               
20001b88  txTask                                                                    
20001d14  uartCC26XXRingBuffer                                                      
20001d34  udmaObjects                                                               
20001e34  uartWriteBuffer                                                           
20001e48  parmbuf                                                                   
20001e58  microVoltBuffer                                                           
20001e70  sampleBufferOne                                                           
20001e74  sampleBufferTwo                                                           
20001e78  uart                                                                      
20001e7c  uartReadBuffer                                                            
20001e88  driverlib_release_0_47020                                                 
20001e90  PowerCC26XX_module                                                        
20001ff8  ti_sysbios_knl_Task_Object__table__V                                      
20002048  ti_sysbios_family_arm_cc26xx_Timer_Object__table__V                       
20002090  ti_sysbios_gates_GateMutex_Object__table__V                               
200020c8  ti_sysbios_knl_Swi_Module_State_0_readyQ__A                               
200020f8  ti_sysbios_knl_Swi_Object__table__V                                       
20002128  RF_cmdPropRadioDivSetup                                                   
20002150  ti_sysbios_knl_Clock_Object__table__V                                     
20002170  ti_sysbios_knl_Task_Module_State_0_readyQ__A                              
20002190  RF_cmdFs                                                                  
200021a8  RF_cmdPropTx                                                              
200021c0  ti_sysbios_family_arm_m3_Hwi_Object__table__V                             
200021d8  ti_sysbios_heaps_HeapMem_Object__table__V                                 
200021f0  RF_prop                                                                   
20002200  buffersCompletedCounter                                                   
20002204  uartOutputBufferSize                                                      
20002208  time                                                                      
2000220c  xdc_runtime_SysMin_Module__state__V                                       
20002218  _lock                                                                     
2000221c  _unlock                                                                   
20002220  pinTable                                                                  
20002228  ti_sysbios_family_arm_m3_Hwi_Module__root__V                              
20002230  ti_sysbios_gates_GateHwi_Module__root__V                                  
20002238  ti_sysbios_gates_GateMutex_Module__root__V                                
20002240  ti_sysbios_hal_Hwi_Module__root__V                                        
20002248  ti_sysbios_heaps_HeapMem_Module__root__V                                  
20002250  ti_sysbios_knl_Clock_Module__root__V                                      
20002258  ti_sysbios_knl_Mailbox_Module__root__V                                    
20002260  ti_sysbios_knl_Queue_Module__root__V                                      
20002268  ti_sysbios_knl_Semaphore_Module__root__V                                  
20002270  ti_sysbios_knl_Swi_Module__root__V                                        
20002278  ti_sysbios_knl_Task_Module__root__V                                       
20002280  xdc_runtime_Registry_Module__state__V                                     
20002288  xdc_runtime_System_Module_State_0_atexitHandlers__A                       
20002290  endLineSequence                                                           
20002298  main_func_sp                                                              
2000229c  ti_sysbios_family_arm_m3_Hwi_Module_State_0_excContext__A                 
200022a0  ti_sysbios_family_arm_m3_Hwi_Module_State_0_excStack__A                   
200022a4  ti_sysbios_knl_Task_Module_State_0_idleTask__A                            
200022aa  ti_sysbios_family_arm_m3_Hwi_Module_State_0_excActive__A                  
20004d00  __stack                                                                   
20005000  __STACK_END                                                               
e000e000  ti_sysbios_family_arm_m3_Hwi_nvic                                         
ffffffff  __TI_pprof_out_hndl                                                       
ffffffff  __TI_prof_data_size                                                       
ffffffff  __TI_prof_data_start                                                      
ffffffff  __binit__                                                                 
ffffffff  __c_args__                                                                
ffffffff  binit                                                                     
UNDEFED   SHT$$INIT_ARRAY$$Base                                                     
UNDEFED   SHT$$INIT_ARRAY$$Limit                                                    

[847 symbols]
